Archive member included because of file (symbol)

c:/program files (x86)/gnu tools arm embedded/4.9 2014q4/bin/../lib/gcc/arm-none-eabi/4.9.3/../../../../arm-none-eabi/lib/armv7e-m/softfp\libc.a(lib_a-exit.o)
                              c:/program files (x86)/gnu tools arm embedded/4.9 2014q4/bin/../lib/gcc/arm-none-eabi/4.9.3/../../../../arm-none-eabi/lib/armv7e-m/softfp/crt0.o (exit)
c:/program files (x86)/gnu tools arm embedded/4.9 2014q4/bin/../lib/gcc/arm-none-eabi/4.9.3/../../../../arm-none-eabi/lib/armv7e-m/softfp\libc.a(lib_a-impure.o)
                              c:/program files (x86)/gnu tools arm embedded/4.9 2014q4/bin/../lib/gcc/arm-none-eabi/4.9.3/../../../../arm-none-eabi/lib/armv7e-m/softfp\libc.a(lib_a-exit.o) (_global_impure_ptr)
c:/program files (x86)/gnu tools arm embedded/4.9 2014q4/bin/../lib/gcc/arm-none-eabi/4.9.3/../../../../arm-none-eabi/lib/armv7e-m/softfp\libc.a(lib_a-init.o)
                              c:/program files (x86)/gnu tools arm embedded/4.9 2014q4/bin/../lib/gcc/arm-none-eabi/4.9.3/../../../../arm-none-eabi/lib/armv7e-m/softfp/crt0.o (__libc_init_array)
c:/program files (x86)/gnu tools arm embedded/4.9 2014q4/bin/../lib/gcc/arm-none-eabi/4.9.3/../../../../arm-none-eabi/lib/armv7e-m/softfp\libc.a(lib_a-malloc.o)
                              obj/FreeRTOS/Source/tasks.o (malloc)
c:/program files (x86)/gnu tools arm embedded/4.9 2014q4/bin/../lib/gcc/arm-none-eabi/4.9.3/../../../../arm-none-eabi/lib/armv7e-m/softfp\libc.a(lib_a-mallocr.o)
                              c:/program files (x86)/gnu tools arm embedded/4.9 2014q4/bin/../lib/gcc/arm-none-eabi/4.9.3/../../../../arm-none-eabi/lib/armv7e-m/softfp\libc.a(lib_a-malloc.o) (_malloc_r)
c:/program files (x86)/gnu tools arm embedded/4.9 2014q4/bin/../lib/gcc/arm-none-eabi/4.9.3/../../../../arm-none-eabi/lib/armv7e-m/softfp\libc.a(lib_a-memcpy.o)
                              obj/FreeRTOS/Source/queue.o (memcpy)
c:/program files (x86)/gnu tools arm embedded/4.9 2014q4/bin/../lib/gcc/arm-none-eabi/4.9.3/../../../../arm-none-eabi/lib/armv7e-m/softfp\libc.a(lib_a-memset.o)
                              c:/program files (x86)/gnu tools arm embedded/4.9 2014q4/bin/../lib/gcc/arm-none-eabi/4.9.3/../../../../arm-none-eabi/lib/armv7e-m/softfp/crt0.o (memset)
c:/program files (x86)/gnu tools arm embedded/4.9 2014q4/bin/../lib/gcc/arm-none-eabi/4.9.3/../../../../arm-none-eabi/lib/armv7e-m/softfp\libc.a(lib_a-puts.o)
                              obj/main.o (puts)
c:/program files (x86)/gnu tools arm embedded/4.9 2014q4/bin/../lib/gcc/arm-none-eabi/4.9.3/../../../../arm-none-eabi/lib/armv7e-m/softfp\libc.a(lib_a-strlen.o)
                              c:/program files (x86)/gnu tools arm embedded/4.9 2014q4/bin/../lib/gcc/arm-none-eabi/4.9.3/../../../../arm-none-eabi/lib/armv7e-m/softfp\libc.a(lib_a-puts.o) (strlen)
c:/program files (x86)/gnu tools arm embedded/4.9 2014q4/bin/../lib/gcc/arm-none-eabi/4.9.3/../../../../arm-none-eabi/lib/armv7e-m/softfp\libc.a(lib_a-__call_atexit.o)
                              c:/program files (x86)/gnu tools arm embedded/4.9 2014q4/bin/../lib/gcc/arm-none-eabi/4.9.3/../../../../arm-none-eabi/lib/armv7e-m/softfp\libc.a(lib_a-exit.o) (__call_exitprocs)
c:/program files (x86)/gnu tools arm embedded/4.9 2014q4/bin/../lib/gcc/arm-none-eabi/4.9.3/../../../../arm-none-eabi/lib/armv7e-m/softfp\libc.a(lib_a-atexit.o)
                              c:/program files (x86)/gnu tools arm embedded/4.9 2014q4/bin/../lib/gcc/arm-none-eabi/4.9.3/../../../../arm-none-eabi/lib/armv7e-m/softfp\libc.a(lib_a-__call_atexit.o) (atexit)
c:/program files (x86)/gnu tools arm embedded/4.9 2014q4/bin/../lib/gcc/arm-none-eabi/4.9.3/../../../../arm-none-eabi/lib/armv7e-m/softfp\libc.a(lib_a-fini.o)
                              c:/program files (x86)/gnu tools arm embedded/4.9 2014q4/bin/../lib/gcc/arm-none-eabi/4.9.3/../../../../arm-none-eabi/lib/armv7e-m/softfp\libc.a(lib_a-__call_atexit.o) (__libc_fini_array)
c:/program files (x86)/gnu tools arm embedded/4.9 2014q4/bin/../lib/gcc/arm-none-eabi/4.9.3/../../../../arm-none-eabi/lib/armv7e-m/softfp\libc.a(lib_a-freer.o)
                              c:/program files (x86)/gnu tools arm embedded/4.9 2014q4/bin/../lib/gcc/arm-none-eabi/4.9.3/../../../../arm-none-eabi/lib/armv7e-m/softfp\libc.a(lib_a-malloc.o) (_free_r)
c:/program files (x86)/gnu tools arm embedded/4.9 2014q4/bin/../lib/gcc/arm-none-eabi/4.9.3/../../../../arm-none-eabi/lib/armv7e-m/softfp\libc.a(lib_a-fvwrite.o)
                              c:/program files (x86)/gnu tools arm embedded/4.9 2014q4/bin/../lib/gcc/arm-none-eabi/4.9.3/../../../../arm-none-eabi/lib/armv7e-m/softfp\libc.a(lib_a-puts.o) (__sfvwrite_r)
c:/program files (x86)/gnu tools arm embedded/4.9 2014q4/bin/../lib/gcc/arm-none-eabi/4.9.3/../../../../arm-none-eabi/lib/armv7e-m/softfp\libc.a(lib_a-memchr.o)
[...]
Memory Configuration

Name             Origin             Length             Attributes
FLASH            0x08000000         0x00100000         xr
RAM              0x20000000         0x00020000         xrw
MEMORY_B1        0x60000000         0x00000000         xr
*default*        0x00000000         0xffffffff

Linker script and memory map

LOAD c:/program files (x86)/gnu tools arm embedded/4.9 2014q4/bin/../lib/gcc/arm-none-eabi/4.9.3/armv7e-m/softfp/crti.o
LOAD c:/program files (x86)/gnu tools arm embedded/4.9 2014q4/bin/../lib/gcc/arm-none-eabi/4.9.3/armv7e-m/softfp/crtbegin.o
LOAD c:/program files (x86)/gnu tools arm embedded/4.9 2014q4/bin/../lib/gcc/arm-none-eabi/4.9.3/../../../../arm-none-eabi/lib/armv7e-m/softfp/crt0.o
LOAD obj/drivers/leds.o
LOAD obj/main.o
LOAD obj/drivers/dbgu.o
LOAD obj/drivers/term_io.o
LOAD obj/sys/ustime.o
LOAD obj/sys/startup_stm32f4xx.o
LOAD obj/sys/system_stm32f4xx.o
LOAD obj/sys/syscalls.o
LOAD obj/FreeRTOS/Source/tasks.o
LOAD obj/FreeRTOS/Source/queue.o
LOAD obj/FreeRTOS/Source/list.o
LOAD obj/FreeRTOS/Source/croutine.o
LOAD obj/FreeRTOS/Source/portable/GCC/ARM_CM4F/port.o
LOAD obj/libs/STM32F4xx_StdPeriph_Driver/src/misc.o
LOAD obj/libs/STM32F4xx_StdPeriph_Driver/src/stm32f4xx_adc.o
LOAD obj/libs/STM32F4xx_StdPeriph_Driver/src/stm32f4xx_can.o
LOAD obj/libs/STM32F4xx_StdPeriph_Driver/src/stm32f4xx_crc.o
LOAD obj/libs/STM32F4xx_StdPeriph_Driver/src/stm32f4xx_cryp.o
LOAD obj/libs/STM32F4xx_StdPeriph_Driver/src/stm32f4xx_cryp_aes.o
LOAD obj/libs/STM32F4xx_StdPeriph_Driver/src/stm32f4xx_cryp_des.o
LOAD obj/libs/STM32F4xx_StdPeriph_Driver/src/stm32f4xx_cryp_tdes.o
LOAD obj/libs/STM32F4xx_StdPeriph_Driver/src/stm32f4xx_dac.o
LOAD obj/libs/STM32F4xx_StdPeriph_Driver/src/stm32f4xx_dbgmcu.o
LOAD obj/libs/STM32F4xx_StdPeriph_Driver/src/stm32f4xx_dcmi.o
LOAD obj/libs/STM32F4xx_StdPeriph_Driver/src/stm32f4xx_dma.o
LOAD obj/libs/STM32F4xx_StdPeriph_Driver/src/stm32f4xx_exti.o
LOAD obj/libs/STM32F4xx_StdPeriph_Driver/src/stm32f4xx_flash.o
LOAD obj/libs/STM32F4xx_StdPeriph_Driver/src/stm32f4xx_fmc.o
LOAD obj/libs/STM32F4xx_StdPeriph_Driver/src/stm32f4xx_gpio.o
LOAD obj/libs/STM32F4xx_StdPeriph_Driver/src/stm32f4xx_hash.o
LOAD obj/libs/STM32F4xx_StdPeriph_Driver/src/stm32f4xx_hash_md5.o
LOAD obj/libs/STM32F4xx_StdPeriph_Driver/src/stm32f4xx_hash_sha1.o
LOAD obj/libs/STM32F4xx_StdPeriph_Driver/src/stm32f4xx_i2c.o
LOAD obj/libs/STM32F4xx_StdPeriph_Driver/src/stm32f4xx_iwdg.o
LOAD obj/libs/STM32F4xx_StdPeriph_Driver/src/stm32f4xx_pwr.o
LOAD obj/libs/STM32F4xx_StdPeriph_Driver/src/stm32f4xx_rcc.o
LOAD obj/libs/STM32F4xx_StdPeriph_Driver/src/stm32f4xx_rng.o
LOAD obj/libs/STM32F4xx_StdPeriph_Driver/src/stm32f4xx_rtc.o
LOAD obj/libs/STM32F4xx_StdPeriph_Driver/src/stm32f4xx_sdio.o
LOAD obj/libs/STM32F4xx_StdPeriph_Driver/src/stm32f4xx_spi.o
LOAD obj/libs/STM32F4xx_StdPeriph_Driver/src/stm32f4xx_syscfg.o
LOAD obj/libs/STM32F4xx_StdPeriph_Driver/src/stm32f4xx_tim.o
LOAD obj/libs/STM32F4xx_StdPeriph_Driver/src/stm32f4xx_usart.o
LOAD obj/libs/STM32F4xx_StdPeriph_Driver/src/stm32f4xx_wwdg.o
LOAD c:/program files (x86)/gnu tools arm embedded/4.9 2014q4/bin/../lib/gcc/arm-none-eabi/4.9.3/../../../../arm-none-eabi/lib/armv7e-m/softfp\libm.a
START GROUP
LOAD c:/program files (x86)/gnu tools arm embedded/4.9 2014q4/bin/../lib/gcc/arm-none-eabi/4.9.3/armv7e-m/softfp\libgcc.a
LOAD c:/program files (x86)/gnu tools arm embedded/4.9 2014q4/bin/../lib/gcc/arm-none-eabi/4.9.3/../../../../arm-none-eabi/lib/armv7e-m/softfp\libc.a
END GROUP
LOAD c:/program files (x86)/gnu tools arm embedded/4.9 2014q4/bin/../lib/gcc/arm-none-eabi/4.9.3/armv7e-m/softfp/crtend.o
LOAD c:/program files (x86)/gnu tools arm embedded/4.9 2014q4/bin/../lib/gcc/arm-none-eabi/4.9.3/armv7e-m/softfp/crtn.o
                0x20020000                _estack = 0x20020000
                0x00000000                _Min_Heap_Size = 0x0
                0x00000400                _Min_Stack_Size = 0x400

.isr_vector     0x08000000      0x188
                0x08000000                . = ALIGN (0x4)
 *(.isr_vector)
 .isr_vector    0x08000000      0x188 obj/sys/startup_stm32f4xx.o
                0x08000000                g_pfnVectors
                0x08000188                . = ALIGN (0x4)

.text           0x08000188     0x13a8
                0x08000188                . = ALIGN (0x4)
 *(.text)
 .text          0x08000188       0x5c c:/program files (x86)/gnu tools arm embedded/4.9 2014q4/bin/../lib/gcc/arm-none-eabi/4.9.3/armv7e-m/softfp/crtbegin.o
 *(.text*)
 .text.leds_init
                0x080001e4       0x50 obj/drivers/leds.o
                0x080001e4                leds_init
 .text.startup.main
                0x08000234       0x24 obj/main.o
                0x08000234                main
 .text.debug_chr
                0x08000258       0x20 obj/drivers/dbgu.o
                0x08000258                debug_chr
 .text.debug_inkey
                0x08000278       0x1c obj/drivers/dbgu.o
                0x08000278                debug_inkey
 .text.xputc    0x08000294       0x24 obj/drivers/term_io.o
                0x08000294                xputc
 .text.xitoa    0x080002b8       0x94 obj/drivers/term_io.o
                0x080002b8                xitoa
 .text.xprintf  0x0800034c       0xe0 obj/drivers/term_io.o
                0x0800034c                xprintf
 .text.get_us_time
                0x0800042c       0x40 obj/sys/ustime.o
                0x0800042c                get_us_time
 .text.Reset_Handler
                0x0800046c       0x58 obj/sys/startup_stm32f4xx.o
                0x0800046c                Reset_Handler
 .text.Default_Handler
                0x080004c4        0x2 obj/sys/startup_stm32f4xx.o
                0x080004c4                RTC_Alarm_IRQHandler
                0x080004c4                HASH_RNG_IRQHandler
                0x080004c4                EXTI2_IRQHandler
                0x080004c4                TIM8_CC_IRQHandler
                0x080004c4                DebugMon_Handler
                0x080004c4                TIM1_CC_IRQHandler
                0x080004c4                DMA2_Stream5_IRQHandler
                0x080004c4                HardFault_Handler
                0x080004c4                DMA1_Stream5_IRQHandler
                0x080004c4                PVD_IRQHandler
                0x080004c4                SDIO_IRQHandler
                0x080004c4                TAMP_STAMP_IRQHandler
                0x080004c4                NMI_Handler
                0x080004c4                CAN2_RX1_IRQHandler
                0x080004c4                EXTI3_IRQHandler
                0x080004c4                TIM8_TRG_COM_TIM14_IRQHandler
                0x080004c4                TIM1_UP_TIM10_IRQHandler
                0x080004c4                TIM8_UP_TIM13_IRQHandler
                0x080004c4                I2C3_ER_IRQHandler
                0x080004c4                EXTI0_IRQHandler
                0x080004c4                I2C2_EV_IRQHandler
                0x080004c4                DMA1_Stream2_IRQHandler
                0x080004c4                CAN1_RX0_IRQHandler
                0x080004c4                FPU_IRQHandler
                0x080004c4                OTG_HS_WKUP_IRQHandler
                0x080004c4                UsageFault_Handler
                0x080004c4                CAN2_SCE_IRQHandler
                0x080004c4                DMA2_Stream2_IRQHandler
                0x080004c4                SPI1_IRQHandler
                0x080004c4                TIM6_DAC_IRQHandler
                0x080004c4                TIM1_BRK_TIM9_IRQHandler
                0x080004c4                DCMI_IRQHandler
                0x080004c4                CAN2_RX0_IRQHandler
                0x080004c4                DMA2_Stream3_IRQHandler
                0x080004c4                USART6_IRQHandler
                0x080004c4                USART3_IRQHandler
                0x080004c4                CRYP_IRQHandler
                0x080004c4                CAN1_RX1_IRQHandler
                0x080004c4                UART5_IRQHandler
                0x080004c4                DMA2_Stream0_IRQHandler
                0x080004c4                TIM4_IRQHandler
                0x080004c4                I2C1_EV_IRQHandler
                0x080004c4                DMA1_Stream6_IRQHandler
                0x080004c4                DMA1_Stream1_IRQHandler
                0x080004c4                UART4_IRQHandler
                0x080004c4                TIM3_IRQHandler
                0x080004c4                RCC_IRQHandler
                0x080004c4                TIM8_BRK_TIM12_IRQHandler
                0x080004c4                Default_Handler
                0x080004c4                EXTI15_10_IRQHandler
                0x080004c4                ADC_IRQHandler
                0x080004c4                DMA1_Stream7_IRQHandler
                0x080004c4                TIM7_IRQHandler
                0x080004c4                CAN2_TX_IRQHandler
                0x080004c4                TIM5_IRQHandler
                0x080004c4                DMA2_Stream7_IRQHandler
                0x080004c4                I2C3_EV_IRQHandler
                0x080004c4                EXTI9_5_IRQHandler
                0x080004c4                RTC_WKUP_IRQHandler
                0x080004c4                ETH_WKUP_IRQHandler
                0x080004c4                SPI2_IRQHandler
                0x080004c4                OTG_HS_EP1_IN_IRQHandler
                0x080004c4                MemManage_Handler
                0x080004c4                DMA1_Stream0_IRQHandler
                0x080004c4                CAN1_TX_IRQHandler
                0x080004c4                EXTI4_IRQHandler
                0x080004c4                FSMC_IRQHandler
                0x080004c4                ETH_IRQHandler
                0x080004c4                OTG_HS_EP1_OUT_IRQHandler
                0x080004c4                WWDG_IRQHandler
                0x080004c4                TIM2_IRQHandler
                0x080004c4                OTG_FS_WKUP_IRQHandler
                0x080004c4                TIM1_TRG_COM_TIM11_IRQHandler
                0x080004c4                OTG_HS_IRQHandler
                0x080004c4                EXTI1_IRQHandler
                0x080004c4                USART2_IRQHandler
                0x080004c4                I2C2_ER_IRQHandler
                0x080004c4                DMA2_Stream1_IRQHandler
                0x080004c4                CAN1_SCE_IRQHandler
                0x080004c4                FLASH_IRQHandler
                0x080004c4                DMA2_Stream4_IRQHandler
                0x080004c4                BusFault_Handler
                0x080004c4                USART1_IRQHandler
                0x080004c4                OTG_FS_IRQHandler
                0x080004c4                SPI3_IRQHandler
                0x080004c4                DMA1_Stream4_IRQHandler
                0x080004c4                I2C1_ER_IRQHandler
                0x080004c4                DMA2_Stream6_IRQHandler
                0x080004c4                DMA1_Stream3_IRQHandler
 *fill*         0x080004c6        0x2 
 .text.SystemInit
                0x080004c8      0x120 obj/sys/system_stm32f4xx.o
                0x080004c8                SystemInit
 .text._sbrk_r  0x080005e8       0x40 obj/sys/syscalls.o
                0x080005e8                _sbrk_r
 .text.__malloc_lock
                0x08000628        0x4 obj/sys/syscalls.o
                0x08000628                __malloc_lock
 .text.__malloc_unlock
                0x0800062c        0x4 obj/sys/syscalls.o
                0x0800062c                __malloc_unlock
 .text.prvResetNextTaskUnblockTime
                0x08000630       0x28 obj/FreeRTOS/Source/tasks.o
 .text.vTaskSwitchContext.part.4
                0x08000658       0x94 obj/FreeRTOS/Source/tasks.o
 .text.xTaskIncrementTick
                0x080006ec      0x128 obj/FreeRTOS/Source/tasks.o
                0x080006ec                xTaskIncrementTick
 .text.vTaskSwitchContext
                0x08000814       0x1c obj/FreeRTOS/Source/tasks.o
                0x08000814                vTaskSwitchContext
 .text.vListInsertEnd
                0x08000830       0x20 obj/FreeRTOS/Source/list.o
                0x08000830                vListInsertEnd
 .text.uxListRemove
                0x08000850       0x28 obj/FreeRTOS/Source/list.o
                0x08000850                uxListRemove
 .text.SVC_Handler
                0x08000878       0x20 obj/FreeRTOS/Source/portable/GCC/ARM_CM4F/port.o
                0x08000878                SVC_Handler
 .text.vPortEnterCritical
                0x08000898       0x18 obj/FreeRTOS/Source/portable/GCC/ARM_CM4F/port.o
                0x08000898                vPortEnterCritical
 .text.vPortExitCritical
                0x080008b0       0x18 obj/FreeRTOS/Source/portable/GCC/ARM_CM4F/port.o
                0x080008b0                vPortExitCritical
 .text.PendSV_Handler
                0x080008c8       0x58 obj/FreeRTOS/Source/portable/GCC/ARM_CM4F/port.o
                0x080008c8                PendSV_Handler
 .text.SysTick_Handler
                0x08000920       0x28 obj/FreeRTOS/Source/portable/GCC/ARM_CM4F/port.o
                0x08000920                SysTick_Handler
 .text.GPIO_DeInit
                0x08000948      0x15c obj/libs/STM32F4xx_StdPeriph_Driver/src/stm32f4xx_gpio.o
                0x08000948                GPIO_DeInit
 .text.GPIO_Init
                0x08000aa4       0xb4 obj/libs/STM32F4xx_StdPeriph_Driver/src/stm32f4xx_gpio.o
                0x08000aa4                GPIO_Init
 .text.RCC_AHB1PeriphClockCmd
                0x08000b58       0x18 obj/libs/STM32F4xx_StdPeriph_Driver/src/stm32f4xx_rcc.o
                0x08000b58                RCC_AHB1PeriphClockCmd
 .text.RCC_AHB1PeriphResetCmd
                0x08000b70       0x18 obj/libs/STM32F4xx_StdPeriph_Driver/src/stm32f4xx_rcc.o
                0x08000b70                RCC_AHB1PeriphResetCmd
 .text.USART_SendData
                0x08000b88        0x8 obj/libs/STM32F4xx_StdPeriph_Driver/src/stm32f4xx_usart.o
                0x08000b88                USART_SendData
 .text.USART_ReceiveData
                0x08000b90        0x8 obj/libs/STM32F4xx_StdPeriph_Driver/src/stm32f4xx_usart.o
                0x08000b90                USART_ReceiveData
 .text.USART_GetFlagStatus
                0x08000b98        0xc obj/libs/STM32F4xx_StdPeriph_Driver/src/stm32f4xx_usart.o
                0x08000b98                USART_GetFlagStatus
 .text.__libc_init_array
                0x08000ba4       0x50 c:/program files (x86)/gnu tools arm embedded/4.9 2014q4/bin/../lib/gcc/arm-none-eabi/4.9.3/../../../../arm-none-eabi/lib/armv7e-m/softfp\libc.a(lib_a-init.o)
                0x08000ba4                __libc_init_array
 .text.malloc   0x08000bf4       0x10 c:/program files (x86)/gnu tools arm embedded/4.9 2014q4/bin/../lib/gcc/arm-none-eabi/4.9.3/../../../../arm-none-eabi/lib/armv7e-m/softfp\libc.a(lib_a-malloc.o)
                0x08000bf4                malloc
 .text._malloc_r
                0x08000c04      0x51c c:/program files (x86)/gnu tools arm embedded/4.9 2014q4/bin/../lib/gcc/arm-none-eabi/4.9.3/../../../../arm-none-eabi/lib/armv7e-m/softfp\libc.a(lib_a-mallocr.o)
                0x08000c04                _malloc_r
 .text.startup.register_fini
                0x08001120       0x14 c:/program files (x86)/gnu tools arm embedded/4.9 2014q4/bin/../lib/gcc/arm-none-eabi/4.9.3/../../../../arm-none-eabi/lib/armv7e-m/softfp\libc.a(lib_a-__call_atexit.o)
 .text.atexit   0x08001134        0xc c:/program files (x86)/gnu tools arm embedded/4.9 2014q4/bin/../lib/gcc/arm-none-eabi/4.9.3/../../../../arm-none-eabi/lib/armv7e-m/softfp\libc.a(lib_a-atexit.o)
                0x08001134                atexit
 .text.__libc_fini_array
                0x08001140       0x2c c:/program files (x86)/gnu tools arm embedded/4.9 2014q4/bin/../lib/gcc/arm-none-eabi/4.9.3/../../../../arm-none-eabi/lib/armv7e-m/softfp\libc.a(lib_a-fini.o)
                0x08001140                __libc_fini_array
 .text._malloc_trim_r
                0x0800116c       0x9c c:/program files (x86)/gnu tools arm embedded/4.9 2014q4/bin/../lib/gcc/arm-none-eabi/4.9.3/../../../../arm-none-eabi/lib/armv7e-m/softfp\libc.a(lib_a-freer.o)
                0x0800116c                _malloc_trim_r
 .text._free_r  0x08001208      0x1b0 c:/program files (x86)/gnu tools arm embedded/4.9 2014q4/bin/../lib/gcc/arm-none-eabi/4.9.3/../../../../arm-none-eabi/lib/armv7e-m/softfp\libc.a(lib_a-freer.o)
                0x08001208                _free_r
 .text.__register_exitproc
                0x080013b8       0xa4 c:/program files (x86)/gnu tools arm embedded/4.9 2014q4/bin/../lib/gcc/arm-none-eabi/4.9.3/../../../../arm-none-eabi/lib/armv7e-m/softfp\libc.a(lib_a-__atexit.o)
                0x080013b8                __register_exitproc
 *(.rodata)
 *(.rodata*)
 .rodata.str1.4
                0x0800145c       0xb2 obj/main.o
                                 0xb4 (size before relaxing)
 *fill*         0x0800150e        0x2 
 .rodata.str1.4
                0x08001510        0x4 c:/program files (x86)/gnu tools arm embedded/4.9 2014q4/bin/../lib/gcc/arm-none-eabi/4.9.3/../../../../arm-none-eabi/lib/armv7e-m/softfp\libc.a(lib_a-impure.o)
 .rodata._global_impure_ptr
                0x08001514        0x4 c:/program files (x86)/gnu tools arm embedded/4.9 2014q4/bin/../lib/gcc/arm-none-eabi/4.9.3/../../../../arm-none-eabi/lib/armv7e-m/softfp\libc.a(lib_a-impure.o)
                0x08001514                _global_impure_ptr
 *(.glue_7)
 .glue_7        0x00000000        0x0 linker stubs
 *(.glue_7t)
 .glue_7t       0x00000000        0x0 linker stubs
 *(.eh_frame)
 .eh_frame      0x08001518        0x0 c:/program files (x86)/gnu tools arm embedded/4.9 2014q4/bin/../lib/gcc/arm-none-eabi/4.9.3/armv7e-m/softfp/crtbegin.o
 *(.init)
 .init          0x08001518        0x4 c:/program files (x86)/gnu tools arm embedded/4.9 2014q4/bin/../lib/gcc/arm-none-eabi/4.9.3/armv7e-m/softfp/crti.o
                0x08001518                _init
 .init          0x0800151c        0x8 c:/program files (x86)/gnu tools arm embedded/4.9 2014q4/bin/../lib/gcc/arm-none-eabi/4.9.3/armv7e-m/softfp/crtn.o
 *(.fini)
 .fini          0x08001524        0x4 c:/program files (x86)/gnu tools arm embedded/4.9 2014q4/bin/../lib/gcc/arm-none-eabi/4.9.3/armv7e-m/softfp/crti.o
                0x08001524                _fini
 .fini          0x08001528        0x8 c:/program files (x86)/gnu tools arm embedded/4.9 2014q4/bin/../lib/gcc/arm-none-eabi/4.9.3/armv7e-m/softfp/crtn.o
                0x08001530                . = ALIGN (0x4)
                0x08001530                _etext = .

.vfp11_veneer   0x08001530        0x0
 .vfp11_veneer  0x00000000        0x0 linker stubs

.v4_bx          0x08001530        0x0
 .v4_bx         0x00000000        0x0 linker stubs

.iplt           0x08001530        0x0
 .iplt          0x00000000        0x0 c:/program files (x86)/gnu tools arm embedded/4.9 2014q4/bin/../lib/gcc/arm-none-eabi/4.9.3/armv7e-m/softfp/crtbegin.o

.rel.dyn        0x08001530        0x0
 .rel.iplt      0x00000000        0x0 c:/program files (x86)/gnu tools arm embedded/4.9 2014q4/bin/../lib/gcc/arm-none-eabi/4.9.3/armv7e-m/softfp/crtbegin.o

.ARM.extab
 *(.ARM.extab* .gnu.linkonce.armextab.*)

.ARM            0x08001530        0x0
                0x08001530                __exidx_start = .
 *(.ARM.exidx*)
                0x08001530                __exidx_end = .

.preinit_array  0x08001530        0x0
                0x08001530                PROVIDE (__preinit_array_start, .)
 *(.preinit_array*)
                0x08001530                PROVIDE (__preinit_array_end, .)

.init_array     0x08001530        0x8
                0x08001530                PROVIDE (__init_array_start, .)
 *(SORT(.init_array.*))
 .init_array.00000
                0x08001530        0x4 c:/program files (x86)/gnu tools arm embedded/4.9 2014q4/bin/../lib/gcc/arm-none-eabi/4.9.3/../../../../arm-none-eabi/lib/armv7e-m/softfp\libc.a(lib_a-__call_atexit.o)
 *(.init_array*)
 .init_array    0x08001534        0x4 c:/program files (x86)/gnu tools arm embedded/4.9 2014q4/bin/../lib/gcc/arm-none-eabi/4.9.3/armv7e-m/softfp/crtbegin.o
                0x08001538                PROVIDE (__init_array_end, .)

.fini_array     0x08001538        0x4
                0x08001538                PROVIDE (__fini_array_start, .)
 *(.fini_array*)
 .fini_array    0x08001538        0x4 c:/program files (x86)/gnu tools arm embedded/4.9 2014q4/bin/../lib/gcc/arm-none-eabi/4.9.3/armv7e-m/softfp/crtbegin.o
 *(SORT(.fini_array.*))
                0x0800153c                PROVIDE (__fini_array_end, .)
                0x0800153c                _sidata = .

.data           0x20000000      0x844 load address 0x0800153c
                0x20000000                . = ALIGN (0x4)
                0x20000000                _sdata = .
 *(.data)
 *(.data*)
 .data.__malloc_margin
                0x20000000        0x4 obj/sys/syscalls.o
                0x20000000                __malloc_margin
 .data.uxCriticalNesting
                0x20000004        0x4 obj/FreeRTOS/Source/portable/GCC/ARM_CM4F/port.o
 .data.impure_data
                0x20000008      0x428 c:/program files (x86)/gnu tools arm embedded/4.9 2014q4/bin/../lib/gcc/arm-none-eabi/4.9.3/../../../../arm-none-eabi/lib/armv7e-m/softfp\libc.a(lib_a-impure.o)
 .data._impure_ptr
                0x20000430        0x4 c:/program files (x86)/gnu tools arm embedded/4.9 2014q4/bin/../lib/gcc/arm-none-eabi/4.9.3/../../../../arm-none-eabi/lib/armv7e-m/softfp\libc.a(lib_a-impure.o)
                0x20000430                _impure_ptr
 .data.__malloc_av_
                0x20000434      0x408 c:/program files (x86)/gnu tools arm embedded/4.9 2014q4/bin/../lib/gcc/arm-none-eabi/4.9.3/../../../../arm-none-eabi/lib/armv7e-m/softfp\libc.a(lib_a-mallocr.o)
                0x20000434                __malloc_av_
 .data.__malloc_trim_threshold
                0x2000083c        0x4 c:/program files (x86)/gnu tools arm embedded/4.9 2014q4/bin/../lib/gcc/arm-none-eabi/4.9.3/../../../../arm-none-eabi/lib/armv7e-m/softfp\libc.a(lib_a-mallocr.o)
                0x2000083c                __malloc_trim_threshold
 .data.__malloc_sbrk_base
                0x20000840        0x4 c:/program files (x86)/gnu tools arm embedded/4.9 2014q4/bin/../lib/gcc/arm-none-eabi/4.9.3/../../../../arm-none-eabi/lib/armv7e-m/softfp\libc.a(lib_a-mallocr.o)
                0x20000840                __malloc_sbrk_base
                0x20000844                . = ALIGN (0x4)
                0x20000844                _edata = .

.jcr            0x20000844        0x0 load address 0x08001d80
 .jcr           0x20000844        0x0 c:/program files (x86)/gnu tools arm embedded/4.9 2014q4/bin/../lib/gcc/arm-none-eabi/4.9.3/armv7e-m/softfp/crtbegin.o

.igot.plt       0x20000844        0x0 load address 0x08001d80
 .igot.plt      0x00000000        0x0 c:/program files (x86)/gnu tools arm embedded/4.9 2014q4/bin/../lib/gcc/arm-none-eabi/4.9.3/armv7e-m/softfp/crtbegin.o
                0x20000844                . = ALIGN (0x4)

.bss            0x20000848       0xf4 load address 0x08001d80
                0x20000848                _sbss = .
                0x20000848                __bss_start__ = _sbss
 *(.bss)
 .bss           0x20000848       0x1c c:/program files (x86)/gnu tools arm embedded/4.9 2014q4/bin/../lib/gcc/arm-none-eabi/4.9.3/armv7e-m/softfp/crtbegin.o
 *(.bss*)
 .bss.t0.7587   0x20000864        0x2 obj/sys/ustime.o
 *fill*         0x20000866        0x2 
 .bss.tickcount.7588
                0x20000868        0x8 obj/sys/ustime.o
 .bss.ulTaskSwitchedInTime
                0x20000870        0x4 obj/FreeRTOS/Source/tasks.o
 .bss.xNumOfOverflows
                0x20000874        0x4 obj/FreeRTOS/Source/tasks.o
 .bss.pxDelayedTaskList
                0x20000878        0x4 obj/FreeRTOS/Source/tasks.o
 .bss.uxPendedTicks
                0x2000087c        0x4 obj/FreeRTOS/Source/tasks.o
 .bss.pxReadyTasksLists
                0x20000880       0x64 obj/FreeRTOS/Source/tasks.o
 .bss.pxCurrentTCB
                0x200008e4        0x4 obj/FreeRTOS/Source/tasks.o
                0x200008e4                pxCurrentTCB
 .bss.xNextTaskUnblockTime
                0x200008e8        0x4 obj/FreeRTOS/Source/tasks.o
 .bss.uxSchedulerSuspended
                0x200008ec        0x4 obj/FreeRTOS/Source/tasks.o
 .bss.xTickCount
                0x200008f0        0x4 obj/FreeRTOS/Source/tasks.o
 .bss.pxOverflowDelayedTaskList
                0x200008f4        0x4 obj/FreeRTOS/Source/tasks.o
 .bss.ulTotalRunTime
                0x200008f8        0x4 obj/FreeRTOS/Source/tasks.o
 .bss.uxTopReadyPriority
                0x200008fc        0x4 obj/FreeRTOS/Source/tasks.o
 .bss.xYieldPending
                0x20000900        0x4 obj/FreeRTOS/Source/tasks.o
 .bss.__malloc_max_total_mem
                0x20000904        0x4 c:/program files (x86)/gnu tools arm embedded/4.9 2014q4/bin/../lib/gcc/arm-none-eabi/4.9.3/../../../../arm-none-eabi/lib/armv7e-m/softfp\libc.a(lib_a-mallocr.o)
                0x20000904                __malloc_max_total_mem
 .bss.__malloc_max_sbrked_mem
                0x20000908        0x4 c:/program files (x86)/gnu tools arm embedded/4.9 2014q4/bin/../lib/gcc/arm-none-eabi/4.9.3/../../../../arm-none-eabi/lib/armv7e-m/softfp\libc.a(lib_a-mallocr.o)
                0x20000908                __malloc_max_sbrked_mem
 .bss.__malloc_top_pad
                0x2000090c        0x4 c:/program files (x86)/gnu tools arm embedded/4.9 2014q4/bin/../lib/gcc/arm-none-eabi/4.9.3/../../../../arm-none-eabi/lib/armv7e-m/softfp\libc.a(lib_a-mallocr.o)
                0x2000090c                __malloc_top_pad
 .bss.__malloc_current_mallinfo
                0x20000910       0x28 c:/program files (x86)/gnu tools arm embedded/4.9 2014q4/bin/../lib/gcc/arm-none-eabi/4.9.3/../../../../arm-none-eabi/lib/armv7e-m/softfp\libc.a(lib_a-mallocr.o)
                0x20000910                __malloc_current_mallinfo
 *(COMMON)
 COMMON         0x20000938        0x4 obj/sys/syscalls.o
                0x20000938                __brkval
                0x2000093c                . = ALIGN (0x4)
                0x2000093c                _ebss = .
                0x2000093c                __bss_end__ = _ebss

._user_heap_stack
                0x2000093c      0x400 load address 0x08001d80
                0x2000093c                . = ALIGN (0x4)
                0x2000093c                PROVIDE (end, .)
                0x2000093c                PROVIDE (_end, .)
                0x2000093c                . = (. + _Min_Heap_Size)
                0x20000d3c                . = (. + _Min_Stack_Size)
 *fill*         0x2000093c      0x400 
                0x20000d3c                . = ALIGN (0x4)

.memory_b1_text
 *(.mb1text)
 *(.mb1text*)
 *(.mb1rodata)
 *(.mb1rodata*)

/DISCARD/
 libc.a(*)
 libm.a(*)
 libgcc.a(*)

.ARM.attributes
                0x00000000       0x2e
 *(.ARM.attributes)
 .ARM.attributes
                0x00000000       0x22 c:/program files (x86)/gnu tools arm embedded/4.9 2014q4/bin/../lib/gcc/arm-none-eabi/4.9.3/armv7e-m/softfp/crti.o
 .ARM.attributes
                0x00000022       0x32 c:/program files (x86)/gnu tools arm embedded/4.9 2014q4/bin/../lib/gcc/arm-none-eabi/4.9.3/armv7e-m/softfp/crtbegin.o
 .ARM.attributes
                0x00000054       0x37 obj/drivers/leds.o
 .ARM.attributes
                0x0000008b       0x37 obj/main.o
 .ARM.attributes
                0x000000c2       0x37 obj/drivers/dbgu.o
 .ARM.attributes
                0x000000f9       0x37 obj/drivers/term_io.o
 .ARM.attributes
                0x00000130       0x37 obj/sys/ustime.o
 .ARM.attributes
                0x00000167       0x21 obj/sys/startup_stm32f4xx.o
 .ARM.attributes
                0x00000188       0x37 obj/sys/system_stm32f4xx.o
 .ARM.attributes
                0x000001bf       0x37 obj/sys/syscalls.o
 .ARM.attributes
                0x000001f6       0x37 obj/FreeRTOS/Source/tasks.o
 .ARM.attributes
                0x0000022d       0x37 obj/FreeRTOS/Source/list.o
 .ARM.attributes
                0x00000264       0x37 obj/FreeRTOS/Source/portable/GCC/ARM_CM4F/port.o
 .ARM.attributes
                0x0000029b       0x37 obj/libs/STM32F4xx_StdPeriph_Driver/src/stm32f4xx_gpio.o
 .ARM.attributes
                0x000002d2       0x37 obj/libs/STM32F4xx_StdPeriph_Driver/src/stm32f4xx_rcc.o
 .ARM.attributes
                0x00000309       0x37 obj/libs/STM32F4xx_StdPeriph_Driver/src/stm32f4xx_usart.o
 .ARM.attributes
                0x00000340       0x32 c:/program files (x86)/gnu tools arm embedded/4.9 2014q4/bin/../lib/gcc/arm-none-eabi/4.9.3/../../../../arm-none-eabi/lib/armv7e-m/softfp\libc.a(lib_a-impure.o)
 .ARM.attributes
                0x00000372       0x32 c:/program files (x86)/gnu tools arm embedded/4.9 2014q4/bin/../lib/gcc/arm-none-eabi/4.9.3/../../../../arm-none-eabi/lib/armv7e-m/softfp\libc.a(lib_a-init.o)
 .ARM.attributes
                0x000003a4       0x32 c:/program files (x86)/gnu tools arm embedded/4.9 2014q4/bin/../lib/gcc/arm-none-eabi/4.9.3/../../../../arm-none-eabi/lib/armv7e-m/softfp\libc.a(lib_a-malloc.o)
 .ARM.attributes
                0x000003d6       0x32 c:/program files (x86)/gnu tools arm embedded/4.9 2014q4/bin/../lib/gcc/arm-none-eabi/4.9.3/../../../../arm-none-eabi/lib/armv7e-m/softfp\libc.a(lib_a-mallocr.o)
 .ARM.attributes
                0x00000408       0x32 c:/program files (x86)/gnu tools arm embedded/4.9 2014q4/bin/../lib/gcc/arm-none-eabi/4.9.3/../../../../arm-none-eabi/lib/armv7e-m/softfp\libc.a(lib_a-__call_atexit.o)
 .ARM.attributes
                0x0000043a       0x32 c:/program files (x86)/gnu tools arm embedded/4.9 2014q4/bin/../lib/gcc/arm-none-eabi/4.9.3/../../../../arm-none-eabi/lib/armv7e-m/softfp\libc.a(lib_a-atexit.o)
 .ARM.attributes
                0x0000046c       0x32 c:/program files (x86)/gnu tools arm embedded/4.9 2014q4/bin/../lib/gcc/arm-none-eabi/4.9.3/../../../../arm-none-eabi/lib/armv7e-m/softfp\libc.a(lib_a-fini.o)
 .ARM.attributes
                0x0000049e       0x32 c:/program files (x86)/gnu tools arm embedded/4.9 2014q4/bin/../lib/gcc/arm-none-eabi/4.9.3/../../../../arm-none-eabi/lib/armv7e-m/softfp\libc.a(lib_a-freer.o)
 .ARM.attributes
                0x000004d0       0x32 c:/program files (x86)/gnu tools arm embedded/4.9 2014q4/bin/../lib/gcc/arm-none-eabi/4.9.3/../../../../arm-none-eabi/lib/armv7e-m/softfp\libc.a(lib_a-__atexit.o)
 .ARM.attributes
                0x00000502       0x22 c:/program files (x86)/gnu tools arm embedded/4.9 2014q4/bin/../lib/gcc/arm-none-eabi/4.9.3/armv7e-m/softfp/crtn.o
OUTPUT(obj/STM32F4_Proj.elf elf32-littlearm)

.debug_info     0x00000000     0x829c
 .debug_info    0x00000000      0x586 obj/drivers/leds.o
 .debug_info    0x00000586      0x4c4 obj/main.o
 .debug_info    0x00000a4a      0x7d1 obj/drivers/dbgu.o
 .debug_info    0x0000121b      0x693 obj/drivers/term_io.o
 .debug_info    0x000018ae      0x704 obj/sys/ustime.o
 .debug_info    0x00001fb2      0x671 obj/sys/system_stm32f4xx.o
 .debug_info    0x00002623      0xf3b obj/sys/syscalls.o
 .debug_info    0x0000355e     0x229f obj/FreeRTOS/Source/tasks.o
 .debug_info    0x000057fd      0x2f6 obj/FreeRTOS/Source/list.o
 .debug_info    0x00005af3      0x28a obj/FreeRTOS/Source/portable/GCC/ARM_CM4F/port.o
 .debug_info    0x00005d7d      0x8b3 obj/libs/STM32F4xx_StdPeriph_Driver/src/stm32f4xx_gpio.o
 .debug_info    0x00006630      0xff3 obj/libs/STM32F4xx_StdPeriph_Driver/src/stm32f4xx_rcc.o
 .debug_info    0x00007623      0xc79 obj/libs/STM32F4xx_StdPeriph_Driver/src/stm32f4xx_usart.o

.debug_abbrev   0x00000000     0x1a76
 .debug_abbrev  0x00000000      0x148 obj/drivers/leds.o
 .debug_abbrev  0x00000148      0x1e7 obj/main.o
 .debug_abbrev  0x0000032f      0x1a5 obj/drivers/dbgu.o
 .debug_abbrev  0x000004d4      0x210 obj/drivers/term_io.o
 .debug_abbrev  0x000006e4      0x1fd obj/sys/ustime.o
 .debug_abbrev  0x000008e1      0x161 obj/sys/system_stm32f4xx.o
 .debug_abbrev  0x00000a42      0x2c2 obj/sys/syscalls.o
 .debug_abbrev  0x00000d04      0x415 obj/FreeRTOS/Source/tasks.o
 .debug_abbrev  0x00001119      0x112 obj/FreeRTOS/Source/list.o
 .debug_abbrev  0x0000122b      0x160 obj/FreeRTOS/Source/portable/GCC/ARM_CM4F/port.o
 .debug_abbrev  0x0000138b      0x22e obj/libs/STM32F4xx_StdPeriph_Driver/src/stm32f4xx_gpio.o
 .debug_abbrev  0x000015b9      0x298 obj/libs/STM32F4xx_StdPeriph_Driver/src/stm32f4xx_rcc.o
 .debug_abbrev  0x00001851      0x225 obj/libs/STM32F4xx_StdPeriph_Driver/src/stm32f4xx_usart.o

.debug_loc      0x00000000     0x526a
 .debug_loc     0x00000000       0x38 obj/drivers/leds.o
 .debug_loc     0x00000038       0x6b obj/main.o
 .debug_loc     0x000000a3      0x123 obj/drivers/dbgu.o
 .debug_loc     0x000001c6      0xb58 obj/drivers/term_io.o
 .debug_loc     0x00000d1e      0x17a obj/sys/ustime.o
 .debug_loc     0x00000e98      0x177 obj/sys/system_stm32f4xx.o
 .debug_loc     0x0000100f      0x3e9 obj/sys/syscalls.o
 .debug_loc     0x000013f8     0x1e58 obj/FreeRTOS/Source/tasks.o
 .debug_loc     0x00003250       0xf9 obj/FreeRTOS/Source/list.o
 .debug_loc     0x00003349       0xb5 obj/FreeRTOS/Source/portable/GCC/ARM_CM4F/port.o
 .debug_loc     0x000033fe      0x54c obj/libs/STM32F4xx_StdPeriph_Driver/src/stm32f4xx_gpio.o
 .debug_loc     0x0000394a      0xe19 obj/libs/STM32F4xx_StdPeriph_Driver/src/stm32f4xx_rcc.o
 .debug_loc     0x00004763      0xb07 obj/libs/STM32F4xx_StdPeriph_Driver/src/stm32f4xx_usart.o

.debug_aranges  0x00000000      0x730
 .debug_aranges
                0x00000000       0x20 obj/drivers/leds.o
 .debug_aranges
                0x00000020       0x28 obj/main.o
 .debug_aranges
                0x00000048       0x48 obj/drivers/dbgu.o
 .debug_aranges
                0x00000090       0x58 obj/drivers/term_io.o
 .debug_aranges
                0x000000e8       0x38 obj/sys/ustime.o
 .debug_aranges
                0x00000120       0x28 obj/sys/system_stm32f4xx.o
 .debug_aranges
                0x00000148       0x78 obj/sys/syscalls.o
 .debug_aranges
                0x000001c0      0x188 obj/FreeRTOS/Source/tasks.o
 .debug_aranges
                0x00000348       0x40 obj/FreeRTOS/Source/list.o
 .debug_aranges
                0x00000388       0x68 obj/FreeRTOS/Source/portable/GCC/ARM_CM4F/port.o
 .debug_aranges
                0x000003f0       0x88 obj/libs/STM32F4xx_StdPeriph_Driver/src/stm32f4xx_gpio.o
 .debug_aranges
                0x00000478      0x1b8 obj/libs/STM32F4xx_StdPeriph_Driver/src/stm32f4xx_rcc.o
 .debug_aranges
                0x00000630      0x100 obj/libs/STM32F4xx_StdPeriph_Driver/src/stm32f4xx_usart.o

.debug_ranges   0x00000000      0x8e0
 .debug_ranges  0x00000000       0x10 obj/drivers/leds.o
 .debug_ranges  0x00000010       0x18 obj/main.o
 .debug_ranges  0x00000028       0x38 obj/drivers/dbgu.o
 .debug_ranges  0x00000060       0x90 obj/drivers/term_io.o
 .debug_ranges  0x000000f0       0x48 obj/sys/ustime.o
 .debug_ranges  0x00000138       0x30 obj/sys/system_stm32f4xx.o
 .debug_ranges  0x00000168       0x68 obj/sys/syscalls.o
 .debug_ranges  0x000001d0      0x330 obj/FreeRTOS/Source/tasks.o
 .debug_ranges  0x00000500       0x30 obj/FreeRTOS/Source/list.o
 .debug_ranges  0x00000530       0x80 obj/FreeRTOS/Source/portable/GCC/ARM_CM4F/port.o
 .debug_ranges  0x000005b0       0x78 obj/libs/STM32F4xx_StdPeriph_Driver/src/stm32f4xx_gpio.o
 .debug_ranges  0x00000628      0x1c8 obj/libs/STM32F4xx_StdPeriph_Driver/src/stm32f4xx_rcc.o
 .debug_ranges  0x000007f0       0xf0 obj/libs/STM32F4xx_StdPeriph_Driver/src/stm32f4xx_usart.o

.debug_line     0x00000000     0x2ebf
 .debug_line    0x00000000      0x1b5 obj/drivers/leds.o
 .debug_line    0x000001b5      0x1da obj/main.o
 .debug_line    0x0000038f      0x22c obj/drivers/dbgu.o
 .debug_line    0x000005bb      0x397 obj/drivers/term_io.o
 .debug_line    0x00000952      0x22c obj/sys/ustime.o
 .debug_line    0x00000b7e      0x1c9 obj/sys/system_stm32f4xx.o
 .debug_line    0x00000d47      0x373 obj/sys/syscalls.o
 .debug_line    0x000010ba      0xb13 obj/FreeRTOS/Source/tasks.o
 .debug_line    0x00001bcd      0x21e obj/FreeRTOS/Source/list.o
 .debug_line    0x00001deb      0x290 obj/FreeRTOS/Source/portable/GCC/ARM_CM4F/port.o
 .debug_line    0x0000207b      0x361 obj/libs/STM32F4xx_StdPeriph_Driver/src/stm32f4xx_gpio.o
 .debug_line    0x000023dc      0x605 obj/libs/STM32F4xx_StdPeriph_Driver/src/stm32f4xx_rcc.o
 .debug_line    0x000029e1      0x4de obj/libs/STM32F4xx_StdPeriph_Driver/src/stm32f4xx_usart.o

.debug_str      0x00000000     0x2714
 .debug_str     0x00000000      0x4a5 obj/drivers/leds.o
                                0x504 (size before relaxing)
 .debug_str     0x000004a5       0xd0 obj/main.o
                                0x3e0 (size before relaxing)
 .debug_str     0x00000575      0x153 obj/drivers/dbgu.o
                                0x57b (size before relaxing)
 .debug_str     0x000006c8       0x7d obj/drivers/term_io.o
                                0x277 (size before relaxing)
 .debug_str     0x00000745      0x118 obj/sys/ustime.o
                                0x477 (size before relaxing)
 .debug_str     0x0000085d      0x10b obj/sys/system_stm32f4xx.o
                                0x428 (size before relaxing)
 .debug_str     0x00000968      0x537 obj/sys/syscalls.o
                                0x798 (size before relaxing)
 .debug_str     0x00000e9f      0xcc5 obj/FreeRTOS/Source/tasks.o
                                0xf6a (size before relaxing)
 .debug_str     0x00001b64       0x5f obj/FreeRTOS/Source/list.o
                                0x32a (size before relaxing)
 .debug_str     0x00001bc3       0xb5 obj/FreeRTOS/Source/portable/GCC/ARM_CM4F/port.o
                                0x35e (size before relaxing)
 .debug_str     0x00001c78      0x188 obj/libs/STM32F4xx_StdPeriph_Driver/src/stm32f4xx_gpio.o
                                0x545 (size before relaxing)
 .debug_str     0x00001e00      0x5ea obj/libs/STM32F4xx_StdPeriph_Driver/src/stm32f4xx_rcc.o
                                0xa1b (size before relaxing)
 .debug_str     0x000023ea      0x32a obj/libs/STM32F4xx_StdPeriph_Driver/src/stm32f4xx_usart.o
                                0x74d (size before relaxing)

.comment        0x00000000       0x70
 .comment       0x00000000       0x70 obj/drivers/leds.o
                                 0x71 (size before relaxing)
 .comment       0x00000000       0x71 obj/main.o
 .comment       0x00000000       0x71 obj/drivers/dbgu.o
 .comment       0x00000000       0x71 obj/drivers/term_io.o
 .comment       0x00000000       0x71 obj/sys/ustime.o
 .comment       0x00000000       0x71 obj/sys/system_stm32f4xx.o
 .comment       0x00000000       0x71 obj/sys/syscalls.o
 .comment       0x00000000       0x71 obj/FreeRTOS/Source/tasks.o
 .comment       0x00000000       0x71 obj/FreeRTOS/Source/list.o
 .comment       0x00000000       0x71 obj/FreeRTOS/Source/portable/GCC/ARM_CM4F/port.o
 .comment       0x00000000       0x71 obj/libs/STM32F4xx_StdPeriph_Driver/src/stm32f4xx_gpio.o
 .comment       0x00000000       0x71 obj/libs/STM32F4xx_StdPeriph_Driver/src/stm32f4xx_rcc.o
 .comment       0x00000000       0x71 obj/libs/STM32F4xx_StdPeriph_Driver/src/stm32f4xx_usart.o

.debug_frame    0x00000000     0x1628
 .debug_frame   0x00000000       0x34 obj/drivers/leds.o
 .debug_frame   0x00000034       0x48 obj/main.o
 .debug_frame   0x0000007c       0xcc obj/drivers/dbgu.o
 .debug_frame   0x00000148      0x1a8 obj/drivers/term_io.o
 .debug_frame   0x000002f0       0x84 obj/sys/ustime.o
 .debug_frame   0x00000374       0x3c obj/sys/system_stm32f4xx.o
 .debug_frame   0x000003b0      0x110 obj/sys/syscalls.o
 .debug_frame   0x000004c0      0x634 obj/FreeRTOS/Source/tasks.o
 .debug_frame   0x00000af4       0x8c obj/FreeRTOS/Source/list.o
 .debug_frame   0x00000b80       0xe4 obj/FreeRTOS/Source/portable/GCC/ARM_CM4F/port.o
 .debug_frame   0x00000c64      0x19c obj/libs/STM32F4xx_StdPeriph_Driver/src/stm32f4xx_gpio.o
 .debug_frame   0x00000e00      0x388 obj/libs/STM32F4xx_StdPeriph_Driver/src/stm32f4xx_rcc.o
 .debug_frame   0x00001188      0x2a0 obj/libs/STM32F4xx_StdPeriph_Driver/src/stm32f4xx_usart.o
 .debug_frame   0x00001428       0x2c c:/program files (x86)/gnu tools arm embedded/4.9 2014q4/bin/../lib/gcc/arm-none-eabi/4.9.3/../../../../arm-none-eabi/lib/armv7e-m/softfp\libc.a(lib_a-init.o)
 .debug_frame   0x00001454       0x30 c:/program files (x86)/gnu tools arm embedded/4.9 2014q4/bin/../lib/gcc/arm-none-eabi/4.9.3/../../../../arm-none-eabi/lib/armv7e-m/softfp\libc.a(lib_a-malloc.o)
 .debug_frame   0x00001484       0x58 c:/program files (x86)/gnu tools arm embedded/4.9 2014q4/bin/../lib/gcc/arm-none-eabi/4.9.3/../../../../arm-none-eabi/lib/armv7e-m/softfp\libc.a(lib_a-mallocr.o)
 .debug_frame   0x000014dc       0x50 c:/program files (x86)/gnu tools arm embedded/4.9 2014q4/bin/../lib/gcc/arm-none-eabi/4.9.3/../../../../arm-none-eabi/lib/armv7e-m/softfp\libc.a(lib_a-__call_atexit.o)
 .debug_frame   0x0000152c       0x20 c:/program files (x86)/gnu tools arm embedded/4.9 2014q4/bin/../lib/gcc/arm-none-eabi/4.9.3/../../../../arm-none-eabi/lib/armv7e-m/softfp\libc.a(lib_a-atexit.o)
 .debug_frame   0x0000154c       0x34 c:/program files (x86)/gnu tools arm embedded/4.9 2014q4/bin/../lib/gcc/arm-none-eabi/4.9.3/../../../../arm-none-eabi/lib/armv7e-m/softfp\libc.a(lib_a-fini.o)
 .debug_frame   0x00001580       0x74 c:/program files (x86)/gnu tools arm embedded/4.9 2014q4/bin/../lib/gcc/arm-none-eabi/4.9.3/../../../../arm-none-eabi/lib/armv7e-m/softfp\libc.a(lib_a-freer.o)
 .debug_frame   0x000015f4       0x34 c:/program files (x86)/gnu tools arm embedded/4.9 2014q4/bin/../lib/gcc/arm-none-eabi/4.9.3/../../../../arm-none-eabi/lib/armv7e-m/softfp\libc.a(lib_a-__atexit.o)

Cross Reference Table

Symbol                                            File
ADC_AnalogWatchdogCmd                             obj/libs/STM32F4xx_StdPeriph_Driver/src/stm32f4xx_adc.o
ADC_AnalogWatchdogSingleChannelConfig             obj/libs/STM32F4xx_StdPeriph_Driver/src/stm32f4xx_adc.o
ADC_AnalogWatchdogThresholdsConfig                obj/libs/STM32F4xx_StdPeriph_Driver/src/stm32f4xx_adc.o
ADC_AutoInjectedConvCmd                           obj/libs/STM32F4xx_StdPeriph_Driver/src/stm32f4xx_adc.o
ADC_ClearFlag                                     obj/libs/STM32F4xx_StdPeriph_Driver/src/stm32f4xx_adc.o
ADC_ClearITPendingBit                             obj/libs/STM32F4xx_StdPeriph_Driver/src/stm32f4xx_adc.o
ADC_Cmd                                           obj/libs/STM32F4xx_StdPeriph_Driver/src/stm32f4xx_adc.o
ADC_CommonInit                                    obj/libs/STM32F4xx_StdPeriph_Driver/src/stm32f4xx_adc.o
ADC_CommonStructInit                              obj/libs/STM32F4xx_StdPeriph_Driver/src/stm32f4xx_adc.o
ADC_ContinuousModeCmd                             obj/libs/STM32F4xx_StdPeriph_Driver/src/stm32f4xx_adc.o
ADC_DMACmd                                        obj/libs/STM32F4xx_StdPeriph_Driver/src/stm32f4xx_adc.o
ADC_DMARequestAfterLastTransferCmd                obj/libs/STM32F4xx_StdPeriph_Driver/src/stm32f4xx_adc.o
ADC_DeInit                                        obj/libs/STM32F4xx_StdPeriph_Driver/src/stm32f4xx_adc.o
ADC_DiscModeChannelCountConfig                    obj/libs/STM32F4xx_StdPeriph_Driver/src/stm32f4xx_adc.o
ADC_DiscModeCmd                                   obj/libs/STM32F4xx_StdPeriph_Driver/src/stm32f4xx_adc.o
ADC_EOCOnEachRegularChannelCmd                    obj/libs/STM32F4xx_StdPeriph_Driver/src/stm32f4xx_adc.o
ADC_ExternalTrigInjectedConvConfig                obj/libs/STM32F4xx_StdPeriph_Driver/src/stm32f4xx_adc.o
ADC_ExternalTrigInjectedConvEdgeConfig            obj/libs/STM32F4xx_StdPeriph_Driver/src/stm32f4xx_adc.o
ADC_GetConversionValue                            obj/libs/STM32F4xx_StdPeriph_Driver/src/stm32f4xx_adc.o
ADC_GetFlagStatus                                 obj/libs/STM32F4xx_StdPeriph_Driver/src/stm32f4xx_adc.o
ADC_GetITStatus                                   obj/libs/STM32F4xx_StdPeriph_Driver/src/stm32f4xx_adc.o
ADC_GetInjectedConversionValue                    obj/libs/STM32F4xx_StdPeriph_Driver/src/stm32f4xx_adc.o
ADC_GetMultiModeConversionValue                   obj/libs/STM32F4xx_StdPeriph_Driver/src/stm32f4xx_adc.o
ADC_GetSoftwareStartConvStatus                    obj/libs/STM32F4xx_StdPeriph_Driver/src/stm32f4xx_adc.o
ADC_GetSoftwareStartInjectedConvCmdStatus         obj/libs/STM32F4xx_StdPeriph_Driver/src/stm32f4xx_adc.o
ADC_IRQHandler                                    obj/sys/startup_stm32f4xx.o
ADC_ITConfig                                      obj/libs/STM32F4xx_StdPeriph_Driver/src/stm32f4xx_adc.o
ADC_Init                                          obj/libs/STM32F4xx_StdPeriph_Driver/src/stm32f4xx_adc.o
ADC_InjectedChannelConfig                         obj/libs/STM32F4xx_StdPeriph_Driver/src/stm32f4xx_adc.o
ADC_InjectedDiscModeCmd                           obj/libs/STM32F4xx_StdPeriph_Driver/src/stm32f4xx_adc.o
ADC_InjectedSequencerLengthConfig                 obj/libs/STM32F4xx_StdPeriph_Driver/src/stm32f4xx_adc.o
ADC_MultiModeDMARequestAfterLastTransferCmd       obj/libs/STM32F4xx_StdPeriph_Driver/src/stm32f4xx_adc.o
ADC_RegularChannelConfig                          obj/libs/STM32F4xx_StdPeriph_Driver/src/stm32f4xx_adc.o
ADC_SetInjectedOffset                             obj/libs/STM32F4xx_StdPeriph_Driver/src/stm32f4xx_adc.o
ADC_SoftwareStartConv                             obj/libs/STM32F4xx_StdPeriph_Driver/src/stm32f4xx_adc.o
ADC_SoftwareStartInjectedConv                     obj/libs/STM32F4xx_StdPeriph_Driver/src/stm32f4xx_adc.o
ADC_StructInit                                    obj/libs/STM32F4xx_StdPeriph_Driver/src/stm32f4xx_adc.o
ADC_TempSensorVrefintCmd                          obj/libs/STM32F4xx_StdPeriph_Driver/src/stm32f4xx_adc.o
ADC_VBATCmd                                       obj/libs/STM32F4xx_StdPeriph_Driver/src/stm32f4xx_adc.o
AHBPrescTable                                     obj/sys/system_stm32f4xx.o
BusFault_Handler                                  obj/sys/startup_stm32f4xx.o
CAN1_RX0_IRQHandler                               obj/sys/startup_stm32f4xx.o
CAN1_RX1_IRQHandler                               obj/sys/startup_stm32f4xx.o
CAN1_SCE_IRQHandler                               obj/sys/startup_stm32f4xx.o
CAN1_TX_IRQHandler                                obj/sys/startup_stm32f4xx.o
CAN2_RX0_IRQHandler                               obj/sys/startup_stm32f4xx.o
CAN2_RX1_IRQHandler                               obj/sys/startup_stm32f4xx.o
CAN2_SCE_IRQHandler                               obj/sys/startup_stm32f4xx.o
CAN2_TX_IRQHandler                                obj/sys/startup_stm32f4xx.o
CAN_CancelTransmit                                obj/libs/STM32F4xx_StdPeriph_Driver/src/stm32f4xx_can.o
CAN_ClearFlag                                     obj/libs/STM32F4xx_StdPeriph_Driver/src/stm32f4xx_can.o
CAN_ClearITPendingBit                             obj/libs/STM32F4xx_StdPeriph_Driver/src/stm32f4xx_can.o
CAN_DBGFreeze                                     obj/libs/STM32F4xx_StdPeriph_Driver/src/stm32f4xx_can.o
CAN_DeInit                                        obj/libs/STM32F4xx_StdPeriph_Driver/src/stm32f4xx_can.o
CAN_FIFORelease                                   obj/libs/STM32F4xx_StdPeriph_Driver/src/stm32f4xx_can.o
CAN_FilterInit                                    obj/libs/STM32F4xx_StdPeriph_Driver/src/stm32f4xx_can.o
CAN_GetFlagStatus                                 obj/libs/STM32F4xx_StdPeriph_Driver/src/stm32f4xx_can.o
CAN_GetITStatus                                   obj/libs/STM32F4xx_StdPeriph_Driver/src/stm32f4xx_can.o
CAN_GetLSBTransmitErrorCounter                    obj/libs/STM32F4xx_StdPeriph_Driver/src/stm32f4xx_can.o
CAN_GetLastErrorCode                              obj/libs/STM32F4xx_StdPeriph_Driver/src/stm32f4xx_can.o
CAN_GetReceiveErrorCounter                        obj/libs/STM32F4xx_StdPeriph_Driver/src/stm32f4xx_can.o
CAN_ITConfig                                      obj/libs/STM32F4xx_StdPeriph_Driver/src/stm32f4xx_can.o
CAN_Init                                          obj/libs/STM32F4xx_StdPeriph_Driver/src/stm32f4xx_can.o
CAN_MessagePending                                obj/libs/STM32F4xx_StdPeriph_Driver/src/stm32f4xx_can.o
CAN_OperatingModeRequest                          obj/libs/STM32F4xx_StdPeriph_Driver/src/stm32f4xx_can.o
CAN_Receive                                       obj/libs/STM32F4xx_StdPeriph_Driver/src/stm32f4xx_can.o
CAN_SlaveStartBank                                obj/libs/STM32F4xx_StdPeriph_Driver/src/stm32f4xx_can.o
CAN_Sleep                                         obj/libs/STM32F4xx_StdPeriph_Driver/src/stm32f4xx_can.o
CAN_StructInit                                    obj/libs/STM32F4xx_StdPeriph_Driver/src/stm32f4xx_can.o
CAN_TTComModeCmd                                  obj/libs/STM32F4xx_StdPeriph_Driver/src/stm32f4xx_can.o
CAN_Transmit                                      obj/libs/STM32F4xx_StdPeriph_Driver/src/stm32f4xx_can.o
CAN_TransmitStatus                                obj/libs/STM32F4xx_StdPeriph_Driver/src/stm32f4xx_can.o
CAN_WakeUp                                        obj/libs/STM32F4xx_StdPeriph_Driver/src/stm32f4xx_can.o
CRC_CalcBlockCRC                                  obj/libs/STM32F4xx_StdPeriph_Driver/src/stm32f4xx_crc.o
CRC_CalcCRC                                       obj/libs/STM32F4xx_StdPeriph_Driver/src/stm32f4xx_crc.o
CRC_GetCRC                                        obj/libs/STM32F4xx_StdPeriph_Driver/src/stm32f4xx_crc.o
CRC_GetIDRegister                                 obj/libs/STM32F4xx_StdPeriph_Driver/src/stm32f4xx_crc.o
CRC_ResetDR                                       obj/libs/STM32F4xx_StdPeriph_Driver/src/stm32f4xx_crc.o
CRC_SetIDRegister                                 obj/libs/STM32F4xx_StdPeriph_Driver/src/stm32f4xx_crc.o
CRYP_AES_CBC                                      obj/libs/STM32F4xx_StdPeriph_Driver/src/stm32f4xx_cryp_aes.o
CRYP_AES_CCM                                      obj/libs/STM32F4xx_StdPeriph_Driver/src/stm32f4xx_cryp_aes.o
CRYP_AES_CTR                                      obj/libs/STM32F4xx_StdPeriph_Driver/src/stm32f4xx_cryp_aes.o
CRYP_AES_ECB                                      obj/libs/STM32F4xx_StdPeriph_Driver/src/stm32f4xx_cryp_aes.o
CRYP_AES_GCM                                      obj/libs/STM32F4xx_StdPeriph_Driver/src/stm32f4xx_cryp_aes.o
CRYP_Cmd                                          obj/libs/STM32F4xx_StdPeriph_Driver/src/stm32f4xx_cryp.o
                                                  obj/libs/STM32F4xx_StdPeriph_Driver/src/stm32f4xx_cryp_tdes.o
                                                  obj/libs/STM32F4xx_StdPeriph_Driver/src/stm32f4xx_cryp_des.o
                                                  obj/libs/STM32F4xx_StdPeriph_Driver/src/stm32f4xx_cryp_aes.o
CRYP_DES_CBC                                      obj/libs/STM32F4xx_StdPeriph_Driver/src/stm32f4xx_cryp_des.o
CRYP_DES_ECB                                      obj/libs/STM32F4xx_StdPeriph_Driver/src/stm32f4xx_cryp_des.o
CRYP_DMACmd                                       obj/libs/STM32F4xx_StdPeriph_Driver/src/stm32f4xx_cryp.o
CRYP_DataIn                                       obj/libs/STM32F4xx_StdPeriph_Driver/src/stm32f4xx_cryp.o
                                                  obj/libs/STM32F4xx_StdPeriph_Driver/src/stm32f4xx_cryp_tdes.o
                                                  obj/libs/STM32F4xx_StdPeriph_Driver/src/stm32f4xx_cryp_des.o
                                                  obj/libs/STM32F4xx_StdPeriph_Driver/src/stm32f4xx_cryp_aes.o
CRYP_DataOut                                      obj/libs/STM32F4xx_StdPeriph_Driver/src/stm32f4xx_cryp.o
                                                  obj/libs/STM32F4xx_StdPeriph_Driver/src/stm32f4xx_cryp_tdes.o
                                                  obj/libs/STM32F4xx_StdPeriph_Driver/src/stm32f4xx_cryp_des.o
                                                  obj/libs/STM32F4xx_StdPeriph_Driver/src/stm32f4xx_cryp_aes.o
CRYP_DeInit                                       obj/libs/STM32F4xx_StdPeriph_Driver/src/stm32f4xx_cryp.o
CRYP_FIFOFlush                                    obj/libs/STM32F4xx_StdPeriph_Driver/src/stm32f4xx_cryp.o
                                                  obj/libs/STM32F4xx_StdPeriph_Driver/src/stm32f4xx_cryp_tdes.o
                                                  obj/libs/STM32F4xx_StdPeriph_Driver/src/stm32f4xx_cryp_des.o
                                                  obj/libs/STM32F4xx_StdPeriph_Driver/src/stm32f4xx_cryp_aes.o
CRYP_GetCmdStatus                                 obj/libs/STM32F4xx_StdPeriph_Driver/src/stm32f4xx_cryp.o
                                                  obj/libs/STM32F4xx_StdPeriph_Driver/src/stm32f4xx_cryp_tdes.o
                                                  obj/libs/STM32F4xx_StdPeriph_Driver/src/stm32f4xx_cryp_des.o
                                                  obj/libs/STM32F4xx_StdPeriph_Driver/src/stm32f4xx_cryp_aes.o
CRYP_GetFlagStatus                                obj/libs/STM32F4xx_StdPeriph_Driver/src/stm32f4xx_cryp.o
                                                  obj/libs/STM32F4xx_StdPeriph_Driver/src/stm32f4xx_cryp_tdes.o
                                                  obj/libs/STM32F4xx_StdPeriph_Driver/src/stm32f4xx_cryp_des.o
                                                  obj/libs/STM32F4xx_StdPeriph_Driver/src/stm32f4xx_cryp_aes.o
CRYP_GetITStatus                                  obj/libs/STM32F4xx_StdPeriph_Driver/src/stm32f4xx_cryp.o
CRYP_IRQHandler                                   obj/sys/startup_stm32f4xx.o
CRYP_ITConfig                                     obj/libs/STM32F4xx_StdPeriph_Driver/src/stm32f4xx_cryp.o
CRYP_IVInit                                       obj/libs/STM32F4xx_StdPeriph_Driver/src/stm32f4xx_cryp.o
                                                  obj/libs/STM32F4xx_StdPeriph_Driver/src/stm32f4xx_cryp_tdes.o
                                                  obj/libs/STM32F4xx_StdPeriph_Driver/src/stm32f4xx_cryp_des.o
                                                  obj/libs/STM32F4xx_StdPeriph_Driver/src/stm32f4xx_cryp_aes.o
CRYP_IVStructInit                                 obj/libs/STM32F4xx_StdPeriph_Driver/src/stm32f4xx_cryp.o
CRYP_Init                                         obj/libs/STM32F4xx_StdPeriph_Driver/src/stm32f4xx_cryp.o
                                                  obj/libs/STM32F4xx_StdPeriph_Driver/src/stm32f4xx_cryp_tdes.o
                                                  obj/libs/STM32F4xx_StdPeriph_Driver/src/stm32f4xx_cryp_des.o
                                                  obj/libs/STM32F4xx_StdPeriph_Driver/src/stm32f4xx_cryp_aes.o
CRYP_KeyInit                                      obj/libs/STM32F4xx_StdPeriph_Driver/src/stm32f4xx_cryp.o
                                                  obj/libs/STM32F4xx_StdPeriph_Driver/src/stm32f4xx_cryp_tdes.o
                                                  obj/libs/STM32F4xx_StdPeriph_Driver/src/stm32f4xx_cryp_des.o
                                                  obj/libs/STM32F4xx_StdPeriph_Driver/src/stm32f4xx_cryp_aes.o
CRYP_KeyStructInit                                obj/libs/STM32F4xx_StdPeriph_Driver/src/stm32f4xx_cryp.o
                                                  obj/libs/STM32F4xx_StdPeriph_Driver/src/stm32f4xx_cryp_tdes.o
                                                  obj/libs/STM32F4xx_StdPeriph_Driver/src/stm32f4xx_cryp_des.o
                                                  obj/libs/STM32F4xx_StdPeriph_Driver/src/stm32f4xx_cryp_aes.o
CRYP_PhaseConfig                                  obj/libs/STM32F4xx_StdPeriph_Driver/src/stm32f4xx_cryp.o
                                                  obj/libs/STM32F4xx_StdPeriph_Driver/src/stm32f4xx_cryp_aes.o
CRYP_RestoreContext                               obj/libs/STM32F4xx_StdPeriph_Driver/src/stm32f4xx_cryp.o
CRYP_SaveContext                                  obj/libs/STM32F4xx_StdPeriph_Driver/src/stm32f4xx_cryp.o
CRYP_StructInit                                   obj/libs/STM32F4xx_StdPeriph_Driver/src/stm32f4xx_cryp.o
CRYP_TDES_CBC                                     obj/libs/STM32F4xx_StdPeriph_Driver/src/stm32f4xx_cryp_tdes.o
CRYP_TDES_ECB                                     obj/libs/STM32F4xx_StdPeriph_Driver/src/stm32f4xx_cryp_tdes.o
DAC_ClearFlag                                     obj/libs/STM32F4xx_StdPeriph_Driver/src/stm32f4xx_dac.o
DAC_ClearITPendingBit                             obj/libs/STM32F4xx_StdPeriph_Driver/src/stm32f4xx_dac.o
DAC_Cmd                                           obj/libs/STM32F4xx_StdPeriph_Driver/src/stm32f4xx_dac.o
DAC_DMACmd                                        obj/libs/STM32F4xx_StdPeriph_Driver/src/stm32f4xx_dac.o
DAC_DeInit                                        obj/libs/STM32F4xx_StdPeriph_Driver/src/stm32f4xx_dac.o
DAC_DualSoftwareTriggerCmd                        obj/libs/STM32F4xx_StdPeriph_Driver/src/stm32f4xx_dac.o
DAC_GetDataOutputValue                            obj/libs/STM32F4xx_StdPeriph_Driver/src/stm32f4xx_dac.o
DAC_GetFlagStatus                                 obj/libs/STM32F4xx_StdPeriph_Driver/src/stm32f4xx_dac.o
DAC_GetITStatus                                   obj/libs/STM32F4xx_StdPeriph_Driver/src/stm32f4xx_dac.o
DAC_ITConfig                                      obj/libs/STM32F4xx_StdPeriph_Driver/src/stm32f4xx_dac.o
DAC_Init                                          obj/libs/STM32F4xx_StdPeriph_Driver/src/stm32f4xx_dac.o
DAC_SetChannel1Data                               obj/libs/STM32F4xx_StdPeriph_Driver/src/stm32f4xx_dac.o
DAC_SetChannel2Data                               obj/libs/STM32F4xx_StdPeriph_Driver/src/stm32f4xx_dac.o
DAC_SetDualChannelData                            obj/libs/STM32F4xx_StdPeriph_Driver/src/stm32f4xx_dac.o
DAC_SoftwareTriggerCmd                            obj/libs/STM32F4xx_StdPeriph_Driver/src/stm32f4xx_dac.o
DAC_StructInit                                    obj/libs/STM32F4xx_StdPeriph_Driver/src/stm32f4xx_dac.o
DAC_WaveGenerationCmd                             obj/libs/STM32F4xx_StdPeriph_Driver/src/stm32f4xx_dac.o
DBGMCU_APB1PeriphConfig                           obj/libs/STM32F4xx_StdPeriph_Driver/src/stm32f4xx_dbgmcu.o
DBGMCU_APB2PeriphConfig                           obj/libs/STM32F4xx_StdPeriph_Driver/src/stm32f4xx_dbgmcu.o
DBGMCU_Config                                     obj/libs/STM32F4xx_StdPeriph_Driver/src/stm32f4xx_dbgmcu.o
DBGMCU_GetDEVID                                   obj/libs/STM32F4xx_StdPeriph_Driver/src/stm32f4xx_dbgmcu.o
DBGMCU_GetREVID                                   obj/libs/STM32F4xx_StdPeriph_Driver/src/stm32f4xx_dbgmcu.o
DCMI_CROPCmd                                      obj/libs/STM32F4xx_StdPeriph_Driver/src/stm32f4xx_dcmi.o
DCMI_CROPConfig                                   obj/libs/STM32F4xx_StdPeriph_Driver/src/stm32f4xx_dcmi.o
DCMI_CaptureCmd                                   obj/libs/STM32F4xx_StdPeriph_Driver/src/stm32f4xx_dcmi.o
DCMI_ClearFlag                                    obj/libs/STM32F4xx_StdPeriph_Driver/src/stm32f4xx_dcmi.o
DCMI_ClearITPendingBit                            obj/libs/STM32F4xx_StdPeriph_Driver/src/stm32f4xx_dcmi.o
DCMI_Cmd                                          obj/libs/STM32F4xx_StdPeriph_Driver/src/stm32f4xx_dcmi.o
DCMI_DeInit                                       obj/libs/STM32F4xx_StdPeriph_Driver/src/stm32f4xx_dcmi.o
DCMI_GetFlagStatus                                obj/libs/STM32F4xx_StdPeriph_Driver/src/stm32f4xx_dcmi.o
DCMI_GetITStatus                                  obj/libs/STM32F4xx_StdPeriph_Driver/src/stm32f4xx_dcmi.o
DCMI_IRQHandler                                   obj/sys/startup_stm32f4xx.o
DCMI_ITConfig                                     obj/libs/STM32F4xx_StdPeriph_Driver/src/stm32f4xx_dcmi.o
DCMI_Init                                         obj/libs/STM32F4xx_StdPeriph_Driver/src/stm32f4xx_dcmi.o
DCMI_JPEGCmd                                      obj/libs/STM32F4xx_StdPeriph_Driver/src/stm32f4xx_dcmi.o
DCMI_ReadData                                     obj/libs/STM32F4xx_StdPeriph_Driver/src/stm32f4xx_dcmi.o
DCMI_SetEmbeddedSynchroCodes                      obj/libs/STM32F4xx_StdPeriph_Driver/src/stm32f4xx_dcmi.o
DCMI_StructInit                                   obj/libs/STM32F4xx_StdPeriph_Driver/src/stm32f4xx_dcmi.o
DMA1_Stream0_IRQHandler                           obj/sys/startup_stm32f4xx.o
DMA1_Stream1_IRQHandler                           obj/sys/startup_stm32f4xx.o
DMA1_Stream2_IRQHandler                           obj/sys/startup_stm32f4xx.o
DMA1_Stream3_IRQHandler                           obj/sys/startup_stm32f4xx.o
DMA1_Stream4_IRQHandler                           obj/sys/startup_stm32f4xx.o
DMA1_Stream5_IRQHandler                           obj/sys/startup_stm32f4xx.o
DMA1_Stream6_IRQHandler                           obj/sys/startup_stm32f4xx.o
DMA1_Stream7_IRQHandler                           obj/sys/startup_stm32f4xx.o
DMA2_Stream0_IRQHandler                           obj/sys/startup_stm32f4xx.o
DMA2_Stream1_IRQHandler                           obj/sys/startup_stm32f4xx.o
DMA2_Stream2_IRQHandler                           obj/sys/startup_stm32f4xx.o
DMA2_Stream3_IRQHandler                           obj/sys/startup_stm32f4xx.o
DMA2_Stream4_IRQHandler                           obj/sys/startup_stm32f4xx.o
DMA2_Stream5_IRQHandler                           obj/sys/startup_stm32f4xx.o
DMA2_Stream6_IRQHandler                           obj/sys/startup_stm32f4xx.o
DMA2_Stream7_IRQHandler                           obj/sys/startup_stm32f4xx.o
DMA_ClearFlag                                     obj/libs/STM32F4xx_StdPeriph_Driver/src/stm32f4xx_dma.o
DMA_ClearITPendingBit                             obj/libs/STM32F4xx_StdPeriph_Driver/src/stm32f4xx_dma.o
DMA_Cmd                                           obj/libs/STM32F4xx_StdPeriph_Driver/src/stm32f4xx_dma.o
DMA_DeInit                                        obj/libs/STM32F4xx_StdPeriph_Driver/src/stm32f4xx_dma.o
DMA_DoubleBufferModeCmd                           obj/libs/STM32F4xx_StdPeriph_Driver/src/stm32f4xx_dma.o
DMA_DoubleBufferModeConfig                        obj/libs/STM32F4xx_StdPeriph_Driver/src/stm32f4xx_dma.o
DMA_FlowControllerConfig                          obj/libs/STM32F4xx_StdPeriph_Driver/src/stm32f4xx_dma.o
DMA_GetCmdStatus                                  obj/libs/STM32F4xx_StdPeriph_Driver/src/stm32f4xx_dma.o
DMA_GetCurrDataCounter                            obj/libs/STM32F4xx_StdPeriph_Driver/src/stm32f4xx_dma.o
DMA_GetCurrentMemoryTarget                        obj/libs/STM32F4xx_StdPeriph_Driver/src/stm32f4xx_dma.o
DMA_GetFIFOStatus                                 obj/libs/STM32F4xx_StdPeriph_Driver/src/stm32f4xx_dma.o
DMA_GetFlagStatus                                 obj/libs/STM32F4xx_StdPeriph_Driver/src/stm32f4xx_dma.o
DMA_GetITStatus                                   obj/libs/STM32F4xx_StdPeriph_Driver/src/stm32f4xx_dma.o
DMA_ITConfig                                      obj/libs/STM32F4xx_StdPeriph_Driver/src/stm32f4xx_dma.o
DMA_Init                                          obj/libs/STM32F4xx_StdPeriph_Driver/src/stm32f4xx_dma.o
DMA_MemoryTargetConfig                            obj/libs/STM32F4xx_StdPeriph_Driver/src/stm32f4xx_dma.o
DMA_PeriphIncOffsetSizeConfig                     obj/libs/STM32F4xx_StdPeriph_Driver/src/stm32f4xx_dma.o
DMA_SetCurrDataCounter                            obj/libs/STM32F4xx_StdPeriph_Driver/src/stm32f4xx_dma.o
DMA_StructInit                                    obj/libs/STM32F4xx_StdPeriph_Driver/src/stm32f4xx_dma.o
DebugMon_Handler                                  obj/sys/startup_stm32f4xx.o
Default_Handler                                   obj/sys/startup_stm32f4xx.o
ETH_IRQHandler                                    obj/sys/startup_stm32f4xx.o
ETH_WKUP_IRQHandler                               obj/sys/startup_stm32f4xx.o
EXTI0_IRQHandler                                  obj/sys/startup_stm32f4xx.o
EXTI15_10_IRQHandler                              obj/sys/startup_stm32f4xx.o
EXTI1_IRQHandler                                  obj/sys/startup_stm32f4xx.o
EXTI2_IRQHandler                                  obj/sys/startup_stm32f4xx.o
EXTI3_IRQHandler                                  obj/sys/startup_stm32f4xx.o
EXTI4_IRQHandler                                  obj/sys/startup_stm32f4xx.o
EXTI9_5_IRQHandler                                obj/sys/startup_stm32f4xx.o
EXTI_ClearFlag                                    obj/libs/STM32F4xx_StdPeriph_Driver/src/stm32f4xx_exti.o
EXTI_ClearITPendingBit                            obj/libs/STM32F4xx_StdPeriph_Driver/src/stm32f4xx_exti.o
EXTI_DeInit                                       obj/libs/STM32F4xx_StdPeriph_Driver/src/stm32f4xx_exti.o
EXTI_GenerateSWInterrupt                          obj/libs/STM32F4xx_StdPeriph_Driver/src/stm32f4xx_exti.o
EXTI_GetFlagStatus                                obj/libs/STM32F4xx_StdPeriph_Driver/src/stm32f4xx_exti.o
EXTI_GetITStatus                                  obj/libs/STM32F4xx_StdPeriph_Driver/src/stm32f4xx_exti.o
EXTI_Init                                         obj/libs/STM32F4xx_StdPeriph_Driver/src/stm32f4xx_exti.o
EXTI_StructInit                                   obj/libs/STM32F4xx_StdPeriph_Driver/src/stm32f4xx_exti.o
FLASH_ClearFlag                                   obj/libs/STM32F4xx_StdPeriph_Driver/src/stm32f4xx_flash.o
FLASH_DataCacheCmd                                obj/libs/STM32F4xx_StdPeriph_Driver/src/stm32f4xx_flash.o
FLASH_DataCacheReset                              obj/libs/STM32F4xx_StdPeriph_Driver/src/stm32f4xx_flash.o
FLASH_EraseAllBank1Sectors                        obj/libs/STM32F4xx_StdPeriph_Driver/src/stm32f4xx_flash.o
FLASH_EraseAllBank2Sectors                        obj/libs/STM32F4xx_StdPeriph_Driver/src/stm32f4xx_flash.o
FLASH_EraseAllSectors                             obj/libs/STM32F4xx_StdPeriph_Driver/src/stm32f4xx_flash.o
FLASH_EraseSector                                 obj/libs/STM32F4xx_StdPeriph_Driver/src/stm32f4xx_flash.o
FLASH_GetFlagStatus                               obj/libs/STM32F4xx_StdPeriph_Driver/src/stm32f4xx_flash.o
FLASH_GetStatus                                   obj/libs/STM32F4xx_StdPeriph_Driver/src/stm32f4xx_flash.o
FLASH_IRQHandler                                  obj/sys/startup_stm32f4xx.o
FLASH_ITConfig                                    obj/libs/STM32F4xx_StdPeriph_Driver/src/stm32f4xx_flash.o
FLASH_InstructionCacheCmd                         obj/libs/STM32F4xx_StdPeriph_Driver/src/stm32f4xx_flash.o
FLASH_InstructionCacheReset                       obj/libs/STM32F4xx_StdPeriph_Driver/src/stm32f4xx_flash.o
FLASH_Lock                                        obj/libs/STM32F4xx_StdPeriph_Driver/src/stm32f4xx_flash.o
FLASH_OB_BORConfig                                obj/libs/STM32F4xx_StdPeriph_Driver/src/stm32f4xx_flash.o
FLASH_OB_BootConfig                               obj/libs/STM32F4xx_StdPeriph_Driver/src/stm32f4xx_flash.o
FLASH_OB_GetBOR                                   obj/libs/STM32F4xx_StdPeriph_Driver/src/stm32f4xx_flash.o
FLASH_OB_GetPCROP                                 obj/libs/STM32F4xx_StdPeriph_Driver/src/stm32f4xx_flash.o
FLASH_OB_GetPCROP1                                obj/libs/STM32F4xx_StdPeriph_Driver/src/stm32f4xx_flash.o
FLASH_OB_GetRDP                                   obj/libs/STM32F4xx_StdPeriph_Driver/src/stm32f4xx_flash.o
FLASH_OB_GetUser                                  obj/libs/STM32F4xx_StdPeriph_Driver/src/stm32f4xx_flash.o
FLASH_OB_GetWRP                                   obj/libs/STM32F4xx_StdPeriph_Driver/src/stm32f4xx_flash.o
FLASH_OB_GetWRP1                                  obj/libs/STM32F4xx_StdPeriph_Driver/src/stm32f4xx_flash.o
FLASH_OB_Launch                                   obj/libs/STM32F4xx_StdPeriph_Driver/src/stm32f4xx_flash.o
FLASH_OB_Lock                                     obj/libs/STM32F4xx_StdPeriph_Driver/src/stm32f4xx_flash.o
FLASH_OB_PCROP1Config                             obj/libs/STM32F4xx_StdPeriph_Driver/src/stm32f4xx_flash.o
FLASH_OB_PCROPConfig                              obj/libs/STM32F4xx_StdPeriph_Driver/src/stm32f4xx_flash.o
FLASH_OB_PCROPSelectionConfig                     obj/libs/STM32F4xx_StdPeriph_Driver/src/stm32f4xx_flash.o
FLASH_OB_RDPConfig                                obj/libs/STM32F4xx_StdPeriph_Driver/src/stm32f4xx_flash.o
FLASH_OB_Unlock                                   obj/libs/STM32F4xx_StdPeriph_Driver/src/stm32f4xx_flash.o
FLASH_OB_UserConfig                               obj/libs/STM32F4xx_StdPeriph_Driver/src/stm32f4xx_flash.o
FLASH_OB_WRP1Config                               obj/libs/STM32F4xx_StdPeriph_Driver/src/stm32f4xx_flash.o
FLASH_OB_WRPConfig                                obj/libs/STM32F4xx_StdPeriph_Driver/src/stm32f4xx_flash.o
FLASH_PrefetchBufferCmd                           obj/libs/STM32F4xx_StdPeriph_Driver/src/stm32f4xx_flash.o
FLASH_ProgramByte                                 obj/libs/STM32F4xx_StdPeriph_Driver/src/stm32f4xx_flash.o
FLASH_ProgramDoubleWord                           obj/libs/STM32F4xx_StdPeriph_Driver/src/stm32f4xx_flash.o
FLASH_ProgramHalfWord                             obj/libs/STM32F4xx_StdPeriph_Driver/src/stm32f4xx_flash.o
FLASH_ProgramWord                                 obj/libs/STM32F4xx_StdPeriph_Driver/src/stm32f4xx_flash.o
FLASH_SetLatency                                  obj/libs/STM32F4xx_StdPeriph_Driver/src/stm32f4xx_flash.o
FLASH_Unlock                                      obj/libs/STM32F4xx_StdPeriph_Driver/src/stm32f4xx_flash.o
FLASH_WaitForLastOperation                        obj/libs/STM32F4xx_StdPeriph_Driver/src/stm32f4xx_flash.o
FMC_ClearFlag                                     obj/libs/STM32F4xx_StdPeriph_Driver/src/stm32f4xx_fmc.o
FMC_ClearITPendingBit                             obj/libs/STM32F4xx_StdPeriph_Driver/src/stm32f4xx_fmc.o
FMC_GetECC                                        obj/libs/STM32F4xx_StdPeriph_Driver/src/stm32f4xx_fmc.o
FMC_GetFlagStatus                                 obj/libs/STM32F4xx_StdPeriph_Driver/src/stm32f4xx_fmc.o
FMC_GetITStatus                                   obj/libs/STM32F4xx_StdPeriph_Driver/src/stm32f4xx_fmc.o
FMC_GetModeStatus                                 obj/libs/STM32F4xx_StdPeriph_Driver/src/stm32f4xx_fmc.o
FMC_ITConfig                                      obj/libs/STM32F4xx_StdPeriph_Driver/src/stm32f4xx_fmc.o
FMC_NANDCmd                                       obj/libs/STM32F4xx_StdPeriph_Driver/src/stm32f4xx_fmc.o
FMC_NANDDeInit                                    obj/libs/STM32F4xx_StdPeriph_Driver/src/stm32f4xx_fmc.o
FMC_NANDECCCmd                                    obj/libs/STM32F4xx_StdPeriph_Driver/src/stm32f4xx_fmc.o
FMC_NANDInit                                      obj/libs/STM32F4xx_StdPeriph_Driver/src/stm32f4xx_fmc.o
FMC_NANDStructInit                                obj/libs/STM32F4xx_StdPeriph_Driver/src/stm32f4xx_fmc.o
FMC_NORSRAMCmd                                    obj/libs/STM32F4xx_StdPeriph_Driver/src/stm32f4xx_fmc.o
FMC_NORSRAMDeInit                                 obj/libs/STM32F4xx_StdPeriph_Driver/src/stm32f4xx_fmc.o
FMC_NORSRAMInit                                   obj/libs/STM32F4xx_StdPeriph_Driver/src/stm32f4xx_fmc.o
FMC_NORSRAMStructInit                             obj/libs/STM32F4xx_StdPeriph_Driver/src/stm32f4xx_fmc.o
FMC_PCCARDCmd                                     obj/libs/STM32F4xx_StdPeriph_Driver/src/stm32f4xx_fmc.o
FMC_PCCARDDeInit                                  obj/libs/STM32F4xx_StdPeriph_Driver/src/stm32f4xx_fmc.o
FMC_PCCARDInit                                    obj/libs/STM32F4xx_StdPeriph_Driver/src/stm32f4xx_fmc.o
FMC_PCCARDStructInit                              obj/libs/STM32F4xx_StdPeriph_Driver/src/stm32f4xx_fmc.o
FMC_SDRAMCmdConfig                                obj/libs/STM32F4xx_StdPeriph_Driver/src/stm32f4xx_fmc.o
FMC_SDRAMDeInit                                   obj/libs/STM32F4xx_StdPeriph_Driver/src/stm32f4xx_fmc.o
FMC_SDRAMInit                                     obj/libs/STM32F4xx_StdPeriph_Driver/src/stm32f4xx_fmc.o
FMC_SDRAMStructInit                               obj/libs/STM32F4xx_StdPeriph_Driver/src/stm32f4xx_fmc.o
FMC_SDRAMWriteProtectionConfig                    obj/libs/STM32F4xx_StdPeriph_Driver/src/stm32f4xx_fmc.o
FMC_SetAutoRefresh_Number                         obj/libs/STM32F4xx_StdPeriph_Driver/src/stm32f4xx_fmc.o
FMC_SetRefreshCount                               obj/libs/STM32F4xx_StdPeriph_Driver/src/stm32f4xx_fmc.o
FPU_IRQHandler                                    obj/sys/startup_stm32f4xx.o
FSMC_IRQHandler                                   obj/sys/startup_stm32f4xx.o
GPIO_DeInit                                       obj/libs/STM32F4xx_StdPeriph_Driver/src/stm32f4xx_gpio.o
                                                  obj/drivers/leds.o
GPIO_Init                                         obj/libs/STM32F4xx_StdPeriph_Driver/src/stm32f4xx_gpio.o
                                                  obj/drivers/dbgu.o
                                                  obj/drivers/leds.o
GPIO_PinAFConfig                                  obj/libs/STM32F4xx_StdPeriph_Driver/src/stm32f4xx_gpio.o
                                                  obj/drivers/dbgu.o
GPIO_PinLockConfig                                obj/libs/STM32F4xx_StdPeriph_Driver/src/stm32f4xx_gpio.o
GPIO_ReadInputData                                obj/libs/STM32F4xx_StdPeriph_Driver/src/stm32f4xx_gpio.o
GPIO_ReadInputDataBit                             obj/libs/STM32F4xx_StdPeriph_Driver/src/stm32f4xx_gpio.o
GPIO_ReadOutputData                               obj/libs/STM32F4xx_StdPeriph_Driver/src/stm32f4xx_gpio.o
GPIO_ReadOutputDataBit                            obj/libs/STM32F4xx_StdPeriph_Driver/src/stm32f4xx_gpio.o
GPIO_ResetBits                                    obj/libs/STM32F4xx_StdPeriph_Driver/src/stm32f4xx_gpio.o
GPIO_SetBits                                      obj/libs/STM32F4xx_StdPeriph_Driver/src/stm32f4xx_gpio.o
GPIO_StructInit                                   obj/libs/STM32F4xx_StdPeriph_Driver/src/stm32f4xx_gpio.o
GPIO_ToggleBits                                   obj/libs/STM32F4xx_StdPeriph_Driver/src/stm32f4xx_gpio.o
GPIO_Write                                        obj/libs/STM32F4xx_StdPeriph_Driver/src/stm32f4xx_gpio.o
GPIO_WriteBit                                     obj/libs/STM32F4xx_StdPeriph_Driver/src/stm32f4xx_gpio.o
HASH_AutoStartDigest                              obj/libs/STM32F4xx_StdPeriph_Driver/src/stm32f4xx_hash.o
HASH_ClearFlag                                    obj/libs/STM32F4xx_StdPeriph_Driver/src/stm32f4xx_hash.o
HASH_ClearITPendingBit                            obj/libs/STM32F4xx_StdPeriph_Driver/src/stm32f4xx_hash.o
HASH_DMACmd                                       obj/libs/STM32F4xx_StdPeriph_Driver/src/stm32f4xx_hash.o
HASH_DataIn                                       obj/libs/STM32F4xx_StdPeriph_Driver/src/stm32f4xx_hash.o
                                                  obj/libs/STM32F4xx_StdPeriph_Driver/src/stm32f4xx_hash_sha1.o
                                                  obj/libs/STM32F4xx_StdPeriph_Driver/src/stm32f4xx_hash_md5.o
HASH_DeInit                                       obj/libs/STM32F4xx_StdPeriph_Driver/src/stm32f4xx_hash.o
                                                  obj/libs/STM32F4xx_StdPeriph_Driver/src/stm32f4xx_hash_sha1.o
                                                  obj/libs/STM32F4xx_StdPeriph_Driver/src/stm32f4xx_hash_md5.o
HASH_GetDigest                                    obj/libs/STM32F4xx_StdPeriph_Driver/src/stm32f4xx_hash.o
                                                  obj/libs/STM32F4xx_StdPeriph_Driver/src/stm32f4xx_hash_sha1.o
                                                  obj/libs/STM32F4xx_StdPeriph_Driver/src/stm32f4xx_hash_md5.o
HASH_GetFlagStatus                                obj/libs/STM32F4xx_StdPeriph_Driver/src/stm32f4xx_hash.o
                                                  obj/libs/STM32F4xx_StdPeriph_Driver/src/stm32f4xx_hash_sha1.o
                                                  obj/libs/STM32F4xx_StdPeriph_Driver/src/stm32f4xx_hash_md5.o
HASH_GetITStatus                                  obj/libs/STM32F4xx_StdPeriph_Driver/src/stm32f4xx_hash.o
HASH_GetInFIFOWordsNbr                            obj/libs/STM32F4xx_StdPeriph_Driver/src/stm32f4xx_hash.o
HASH_ITConfig                                     obj/libs/STM32F4xx_StdPeriph_Driver/src/stm32f4xx_hash.o
HASH_Init                                         obj/libs/STM32F4xx_StdPeriph_Driver/src/stm32f4xx_hash.o
                                                  obj/libs/STM32F4xx_StdPeriph_Driver/src/stm32f4xx_hash_sha1.o
                                                  obj/libs/STM32F4xx_StdPeriph_Driver/src/stm32f4xx_hash_md5.o
HASH_MD5                                          obj/libs/STM32F4xx_StdPeriph_Driver/src/stm32f4xx_hash_md5.o
HASH_RNG_IRQHandler                               obj/sys/startup_stm32f4xx.o
HASH_Reset                                        obj/libs/STM32F4xx_StdPeriph_Driver/src/stm32f4xx_hash.o
HASH_RestoreContext                               obj/libs/STM32F4xx_StdPeriph_Driver/src/stm32f4xx_hash.o
HASH_SHA1                                         obj/libs/STM32F4xx_StdPeriph_Driver/src/stm32f4xx_hash_sha1.o
HASH_SaveContext                                  obj/libs/STM32F4xx_StdPeriph_Driver/src/stm32f4xx_hash.o
HASH_SetLastWordValidBitsNbr                      obj/libs/STM32F4xx_StdPeriph_Driver/src/stm32f4xx_hash.o
                                                  obj/libs/STM32F4xx_StdPeriph_Driver/src/stm32f4xx_hash_sha1.o
                                                  obj/libs/STM32F4xx_StdPeriph_Driver/src/stm32f4xx_hash_md5.o
HASH_StartDigest                                  obj/libs/STM32F4xx_StdPeriph_Driver/src/stm32f4xx_hash.o
                                                  obj/libs/STM32F4xx_StdPeriph_Driver/src/stm32f4xx_hash_sha1.o
                                                  obj/libs/STM32F4xx_StdPeriph_Driver/src/stm32f4xx_hash_md5.o
HASH_StructInit                                   obj/libs/STM32F4xx_StdPeriph_Driver/src/stm32f4xx_hash.o
HMAC_MD5                                          obj/libs/STM32F4xx_StdPeriph_Driver/src/stm32f4xx_hash_md5.o
HMAC_SHA1                                         obj/libs/STM32F4xx_StdPeriph_Driver/src/stm32f4xx_hash_sha1.o
HardFault_Handler                                 obj/sys/startup_stm32f4xx.o
I2C1_ER_IRQHandler                                obj/sys/startup_stm32f4xx.o
I2C1_EV_IRQHandler                                obj/sys/startup_stm32f4xx.o
I2C2_ER_IRQHandler                                obj/sys/startup_stm32f4xx.o
I2C2_EV_IRQHandler                                obj/sys/startup_stm32f4xx.o
I2C3_ER_IRQHandler                                obj/sys/startup_stm32f4xx.o
I2C3_EV_IRQHandler                                obj/sys/startup_stm32f4xx.o
I2C_ARPCmd                                        obj/libs/STM32F4xx_StdPeriph_Driver/src/stm32f4xx_i2c.o
I2C_AcknowledgeConfig                             obj/libs/STM32F4xx_StdPeriph_Driver/src/stm32f4xx_i2c.o
I2C_AnalogFilterCmd                               obj/libs/STM32F4xx_StdPeriph_Driver/src/stm32f4xx_i2c.o
I2C_CalculatePEC                                  obj/libs/STM32F4xx_StdPeriph_Driver/src/stm32f4xx_i2c.o
I2C_CheckEvent                                    obj/libs/STM32F4xx_StdPeriph_Driver/src/stm32f4xx_i2c.o
I2C_ClearFlag                                     obj/libs/STM32F4xx_StdPeriph_Driver/src/stm32f4xx_i2c.o
I2C_ClearITPendingBit                             obj/libs/STM32F4xx_StdPeriph_Driver/src/stm32f4xx_i2c.o
I2C_Cmd                                           obj/libs/STM32F4xx_StdPeriph_Driver/src/stm32f4xx_i2c.o
I2C_DMACmd                                        obj/libs/STM32F4xx_StdPeriph_Driver/src/stm32f4xx_i2c.o
I2C_DMALastTransferCmd                            obj/libs/STM32F4xx_StdPeriph_Driver/src/stm32f4xx_i2c.o
I2C_DeInit                                        obj/libs/STM32F4xx_StdPeriph_Driver/src/stm32f4xx_i2c.o
I2C_DigitalFilterConfig                           obj/libs/STM32F4xx_StdPeriph_Driver/src/stm32f4xx_i2c.o
I2C_DualAddressCmd                                obj/libs/STM32F4xx_StdPeriph_Driver/src/stm32f4xx_i2c.o
I2C_FastModeDutyCycleConfig                       obj/libs/STM32F4xx_StdPeriph_Driver/src/stm32f4xx_i2c.o
I2C_GeneralCallCmd                                obj/libs/STM32F4xx_StdPeriph_Driver/src/stm32f4xx_i2c.o
I2C_GenerateSTART                                 obj/libs/STM32F4xx_StdPeriph_Driver/src/stm32f4xx_i2c.o
I2C_GenerateSTOP                                  obj/libs/STM32F4xx_StdPeriph_Driver/src/stm32f4xx_i2c.o
I2C_GetFlagStatus                                 obj/libs/STM32F4xx_StdPeriph_Driver/src/stm32f4xx_i2c.o
I2C_GetITStatus                                   obj/libs/STM32F4xx_StdPeriph_Driver/src/stm32f4xx_i2c.o
I2C_GetLastEvent                                  obj/libs/STM32F4xx_StdPeriph_Driver/src/stm32f4xx_i2c.o
I2C_GetPEC                                        obj/libs/STM32F4xx_StdPeriph_Driver/src/stm32f4xx_i2c.o
I2C_ITConfig                                      obj/libs/STM32F4xx_StdPeriph_Driver/src/stm32f4xx_i2c.o
I2C_Init                                          obj/libs/STM32F4xx_StdPeriph_Driver/src/stm32f4xx_i2c.o
I2C_NACKPositionConfig                            obj/libs/STM32F4xx_StdPeriph_Driver/src/stm32f4xx_i2c.o
I2C_OwnAddress2Config                             obj/libs/STM32F4xx_StdPeriph_Driver/src/stm32f4xx_i2c.o
I2C_PECPositionConfig                             obj/libs/STM32F4xx_StdPeriph_Driver/src/stm32f4xx_i2c.o
I2C_ReadRegister                                  obj/libs/STM32F4xx_StdPeriph_Driver/src/stm32f4xx_i2c.o
I2C_ReceiveData                                   obj/libs/STM32F4xx_StdPeriph_Driver/src/stm32f4xx_i2c.o
I2C_SMBusAlertConfig                              obj/libs/STM32F4xx_StdPeriph_Driver/src/stm32f4xx_i2c.o
I2C_Send7bitAddress                               obj/libs/STM32F4xx_StdPeriph_Driver/src/stm32f4xx_i2c.o
I2C_SendData                                      obj/libs/STM32F4xx_StdPeriph_Driver/src/stm32f4xx_i2c.o
I2C_SoftwareResetCmd                              obj/libs/STM32F4xx_StdPeriph_Driver/src/stm32f4xx_i2c.o
I2C_StretchClockCmd                               obj/libs/STM32F4xx_StdPeriph_Driver/src/stm32f4xx_i2c.o
I2C_StructInit                                    obj/libs/STM32F4xx_StdPeriph_Driver/src/stm32f4xx_i2c.o
I2C_TransmitPEC                                   obj/libs/STM32F4xx_StdPeriph_Driver/src/stm32f4xx_i2c.o
I2S_Cmd                                           obj/libs/STM32F4xx_StdPeriph_Driver/src/stm32f4xx_spi.o
I2S_FullDuplexConfig                              obj/libs/STM32F4xx_StdPeriph_Driver/src/stm32f4xx_spi.o
I2S_Init                                          obj/libs/STM32F4xx_StdPeriph_Driver/src/stm32f4xx_spi.o
I2S_StructInit                                    obj/libs/STM32F4xx_StdPeriph_Driver/src/stm32f4xx_spi.o
IWDG_Enable                                       obj/libs/STM32F4xx_StdPeriph_Driver/src/stm32f4xx_iwdg.o
IWDG_GetFlagStatus                                obj/libs/STM32F4xx_StdPeriph_Driver/src/stm32f4xx_iwdg.o
IWDG_ReloadCounter                                obj/libs/STM32F4xx_StdPeriph_Driver/src/stm32f4xx_iwdg.o
IWDG_SetPrescaler                                 obj/libs/STM32F4xx_StdPeriph_Driver/src/stm32f4xx_iwdg.o
IWDG_SetReload                                    obj/libs/STM32F4xx_StdPeriph_Driver/src/stm32f4xx_iwdg.o
IWDG_WriteAccessCmd                               obj/libs/STM32F4xx_StdPeriph_Driver/src/stm32f4xx_iwdg.o
MemManage_Handler                                 obj/sys/startup_stm32f4xx.o
NMI_Handler                                       obj/sys/startup_stm32f4xx.o
NVIC_Init                                         obj/libs/STM32F4xx_StdPeriph_Driver/src/misc.o
NVIC_PriorityGroupConfig                          obj/libs/STM32F4xx_StdPeriph_Driver/src/misc.o
                                                  obj/main.o
NVIC_SetVectorTable                               obj/libs/STM32F4xx_StdPeriph_Driver/src/misc.o
NVIC_SystemLPConfig                               obj/libs/STM32F4xx_StdPeriph_Driver/src/misc.o
OTG_FS_IRQHandler                                 obj/sys/startup_stm32f4xx.o
OTG_FS_WKUP_IRQHandler                            obj/sys/startup_stm32f4xx.o
OTG_HS_EP1_IN_IRQHandler                          obj/sys/startup_stm32f4xx.o
OTG_HS_EP1_OUT_IRQHandler                         obj/sys/startup_stm32f4xx.o
OTG_HS_IRQHandler                                 obj/sys/startup_stm32f4xx.o
OTG_HS_WKUP_IRQHandler                            obj/sys/startup_stm32f4xx.o
PVD_IRQHandler                                    obj/sys/startup_stm32f4xx.o
PWR_BackupAccessCmd                               obj/libs/STM32F4xx_StdPeriph_Driver/src/stm32f4xx_pwr.o
PWR_BackupRegulatorCmd                            obj/libs/STM32F4xx_StdPeriph_Driver/src/stm32f4xx_pwr.o
PWR_ClearFlag                                     obj/libs/STM32F4xx_StdPeriph_Driver/src/stm32f4xx_pwr.o
PWR_DeInit                                        obj/libs/STM32F4xx_StdPeriph_Driver/src/stm32f4xx_pwr.o
PWR_EnterSTANDBYMode                              obj/libs/STM32F4xx_StdPeriph_Driver/src/stm32f4xx_pwr.o
PWR_EnterSTOPMode                                 obj/libs/STM32F4xx_StdPeriph_Driver/src/stm32f4xx_pwr.o
PWR_EnterUnderDriveSTOPMode                       obj/libs/STM32F4xx_StdPeriph_Driver/src/stm32f4xx_pwr.o
PWR_FlashPowerDownCmd                             obj/libs/STM32F4xx_StdPeriph_Driver/src/stm32f4xx_pwr.o
PWR_GetFlagStatus                                 obj/libs/STM32F4xx_StdPeriph_Driver/src/stm32f4xx_pwr.o
PWR_MainRegulatorModeConfig                       obj/libs/STM32F4xx_StdPeriph_Driver/src/stm32f4xx_pwr.o
PWR_OverDriveCmd                                  obj/libs/STM32F4xx_StdPeriph_Driver/src/stm32f4xx_pwr.o
PWR_OverDriveSWCmd                                obj/libs/STM32F4xx_StdPeriph_Driver/src/stm32f4xx_pwr.o
PWR_PVDCmd                                        obj/libs/STM32F4xx_StdPeriph_Driver/src/stm32f4xx_pwr.o
PWR_PVDLevelConfig                                obj/libs/STM32F4xx_StdPeriph_Driver/src/stm32f4xx_pwr.o
PWR_UnderDriveCmd                                 obj/libs/STM32F4xx_StdPeriph_Driver/src/stm32f4xx_pwr.o
PWR_WakeUpPinCmd                                  obj/libs/STM32F4xx_StdPeriph_Driver/src/stm32f4xx_pwr.o
PendSV_Handler                                    obj/FreeRTOS/Source/portable/GCC/ARM_CM4F/port.o
                                                  obj/sys/startup_stm32f4xx.o
RCC_AHB1PeriphClockCmd                            obj/libs/STM32F4xx_StdPeriph_Driver/src/stm32f4xx_rcc.o
                                                  obj/drivers/dbgu.o
                                                  obj/drivers/leds.o
RCC_AHB1PeriphClockLPModeCmd                      obj/libs/STM32F4xx_StdPeriph_Driver/src/stm32f4xx_rcc.o
RCC_AHB1PeriphResetCmd                            obj/libs/STM32F4xx_StdPeriph_Driver/src/stm32f4xx_rcc.o
                                                  obj/libs/STM32F4xx_StdPeriph_Driver/src/stm32f4xx_gpio.o
RCC_AHB2PeriphClockCmd                            obj/libs/STM32F4xx_StdPeriph_Driver/src/stm32f4xx_rcc.o
RCC_AHB2PeriphClockLPModeCmd                      obj/libs/STM32F4xx_StdPeriph_Driver/src/stm32f4xx_rcc.o
RCC_AHB2PeriphResetCmd                            obj/libs/STM32F4xx_StdPeriph_Driver/src/stm32f4xx_rcc.o
                                                  obj/libs/STM32F4xx_StdPeriph_Driver/src/stm32f4xx_rng.o
                                                  obj/libs/STM32F4xx_StdPeriph_Driver/src/stm32f4xx_hash.o
                                                  obj/libs/STM32F4xx_StdPeriph_Driver/src/stm32f4xx_cryp.o
RCC_AHB3PeriphClockCmd                            obj/libs/STM32F4xx_StdPeriph_Driver/src/stm32f4xx_rcc.o
RCC_AHB3PeriphClockLPModeCmd                      obj/libs/STM32F4xx_StdPeriph_Driver/src/stm32f4xx_rcc.o
RCC_AHB3PeriphResetCmd                            obj/libs/STM32F4xx_StdPeriph_Driver/src/stm32f4xx_rcc.o
RCC_APB1PeriphClockCmd                            obj/libs/STM32F4xx_StdPeriph_Driver/src/stm32f4xx_rcc.o
RCC_APB1PeriphClockLPModeCmd                      obj/libs/STM32F4xx_StdPeriph_Driver/src/stm32f4xx_rcc.o
RCC_APB1PeriphResetCmd                            obj/libs/STM32F4xx_StdPeriph_Driver/src/stm32f4xx_rcc.o
                                                  obj/libs/STM32F4xx_StdPeriph_Driver/src/stm32f4xx_wwdg.o
                                                  obj/libs/STM32F4xx_StdPeriph_Driver/src/stm32f4xx_usart.o
                                                  obj/libs/STM32F4xx_StdPeriph_Driver/src/stm32f4xx_tim.o
                                                  obj/libs/STM32F4xx_StdPeriph_Driver/src/stm32f4xx_spi.o
                                                  obj/libs/STM32F4xx_StdPeriph_Driver/src/stm32f4xx_pwr.o
                                                  obj/libs/STM32F4xx_StdPeriph_Driver/src/stm32f4xx_i2c.o
                                                  obj/libs/STM32F4xx_StdPeriph_Driver/src/stm32f4xx_dac.o
                                                  obj/libs/STM32F4xx_StdPeriph_Driver/src/stm32f4xx_can.o
RCC_APB2PeriphClockCmd                            obj/libs/STM32F4xx_StdPeriph_Driver/src/stm32f4xx_rcc.o
                                                  obj/drivers/dbgu.o
RCC_APB2PeriphClockLPModeCmd                      obj/libs/STM32F4xx_StdPeriph_Driver/src/stm32f4xx_rcc.o
RCC_APB2PeriphResetCmd                            obj/libs/STM32F4xx_StdPeriph_Driver/src/stm32f4xx_rcc.o
                                                  obj/libs/STM32F4xx_StdPeriph_Driver/src/stm32f4xx_usart.o
                                                  obj/libs/STM32F4xx_StdPeriph_Driver/src/stm32f4xx_tim.o
                                                  obj/libs/STM32F4xx_StdPeriph_Driver/src/stm32f4xx_syscfg.o
                                                  obj/libs/STM32F4xx_StdPeriph_Driver/src/stm32f4xx_spi.o
                                                  obj/libs/STM32F4xx_StdPeriph_Driver/src/stm32f4xx_sdio.o
                                                  obj/libs/STM32F4xx_StdPeriph_Driver/src/stm32f4xx_adc.o
RCC_AdjustHSICalibrationValue                     obj/libs/STM32F4xx_StdPeriph_Driver/src/stm32f4xx_rcc.o
RCC_BackupResetCmd                                obj/libs/STM32F4xx_StdPeriph_Driver/src/stm32f4xx_rcc.o
RCC_ClearFlag                                     obj/libs/STM32F4xx_StdPeriph_Driver/src/stm32f4xx_rcc.o
RCC_ClearITPendingBit                             obj/libs/STM32F4xx_StdPeriph_Driver/src/stm32f4xx_rcc.o
RCC_ClockSecuritySystemCmd                        obj/libs/STM32F4xx_StdPeriph_Driver/src/stm32f4xx_rcc.o
RCC_DeInit                                        obj/libs/STM32F4xx_StdPeriph_Driver/src/stm32f4xx_rcc.o
RCC_GetClocksFreq                                 obj/libs/STM32F4xx_StdPeriph_Driver/src/stm32f4xx_rcc.o
                                                  obj/libs/STM32F4xx_StdPeriph_Driver/src/stm32f4xx_usart.o
                                                  obj/libs/STM32F4xx_StdPeriph_Driver/src/stm32f4xx_i2c.o
                                                  obj/sys/ustime.o
                                                  obj/main.o
RCC_GetFlagStatus                                 obj/libs/STM32F4xx_StdPeriph_Driver/src/stm32f4xx_rcc.o
RCC_GetITStatus                                   obj/libs/STM32F4xx_StdPeriph_Driver/src/stm32f4xx_rcc.o
RCC_GetSYSCLKSource                               obj/libs/STM32F4xx_StdPeriph_Driver/src/stm32f4xx_rcc.o
RCC_HCLKConfig                                    obj/libs/STM32F4xx_StdPeriph_Driver/src/stm32f4xx_rcc.o
RCC_HSEConfig                                     obj/libs/STM32F4xx_StdPeriph_Driver/src/stm32f4xx_rcc.o
RCC_HSICmd                                        obj/libs/STM32F4xx_StdPeriph_Driver/src/stm32f4xx_rcc.o
RCC_I2SCLKConfig                                  obj/libs/STM32F4xx_StdPeriph_Driver/src/stm32f4xx_rcc.o
RCC_IRQHandler                                    obj/sys/startup_stm32f4xx.o
RCC_ITConfig                                      obj/libs/STM32F4xx_StdPeriph_Driver/src/stm32f4xx_rcc.o
RCC_LSEConfig                                     obj/libs/STM32F4xx_StdPeriph_Driver/src/stm32f4xx_rcc.o
RCC_LSICmd                                        obj/libs/STM32F4xx_StdPeriph_Driver/src/stm32f4xx_rcc.o
RCC_LTDCCLKDivConfig                              obj/libs/STM32F4xx_StdPeriph_Driver/src/stm32f4xx_rcc.o
RCC_MCO1Config                                    obj/libs/STM32F4xx_StdPeriph_Driver/src/stm32f4xx_rcc.o
RCC_MCO2Config                                    obj/libs/STM32F4xx_StdPeriph_Driver/src/stm32f4xx_rcc.o
RCC_PCLK1Config                                   obj/libs/STM32F4xx_StdPeriph_Driver/src/stm32f4xx_rcc.o
RCC_PCLK2Config                                   obj/libs/STM32F4xx_StdPeriph_Driver/src/stm32f4xx_rcc.o
RCC_PLLCmd                                        obj/libs/STM32F4xx_StdPeriph_Driver/src/stm32f4xx_rcc.o
RCC_PLLConfig                                     obj/libs/STM32F4xx_StdPeriph_Driver/src/stm32f4xx_rcc.o
RCC_PLLI2SCmd                                     obj/libs/STM32F4xx_StdPeriph_Driver/src/stm32f4xx_rcc.o
RCC_PLLI2SConfig                                  obj/libs/STM32F4xx_StdPeriph_Driver/src/stm32f4xx_rcc.o
RCC_PLLSAICmd                                     obj/libs/STM32F4xx_StdPeriph_Driver/src/stm32f4xx_rcc.o
RCC_PLLSAIConfig                                  obj/libs/STM32F4xx_StdPeriph_Driver/src/stm32f4xx_rcc.o
RCC_RTCCLKCmd                                     obj/libs/STM32F4xx_StdPeriph_Driver/src/stm32f4xx_rcc.o
RCC_RTCCLKConfig                                  obj/libs/STM32F4xx_StdPeriph_Driver/src/stm32f4xx_rcc.o
RCC_SAIBlockACLKConfig                            obj/libs/STM32F4xx_StdPeriph_Driver/src/stm32f4xx_rcc.o
RCC_SAIBlockBCLKConfig                            obj/libs/STM32F4xx_StdPeriph_Driver/src/stm32f4xx_rcc.o
RCC_SAIPLLI2SClkDivConfig                         obj/libs/STM32F4xx_StdPeriph_Driver/src/stm32f4xx_rcc.o